../Core/Src/main.cpp:414:6:void startTask2(void*)	8	static
/home/knap-linux/st/stm32cubeide_1.17.0/plugins/com.st.stm32cube.ide.mcu.externaltools.gnu-tools-for-stm32.12.3.rel1.linux64_1.1.0.202410170702/tools/arm-none-eabi/include/c++/12.3.1/bits/std_function.h:288:7:) [with _Res = std::__cxx11::basic_string<char>; _Functor = std::_Bind<std::__cxx11::basic_string<char> (UartController::*(UartController*))()>; _ArgTypes = {}]	16	static
/home/knap-linux/st/stm32cubeide_1.17.0/plugins/com.st.stm32cube.ide.mcu.externaltools.gnu-tools-for-stm32.12.3.rel1.linux64_1.1.0.202410170702/tools/arm-none-eabi/include/c++/12.3.1/bits/std_function.h:267:7:), _Functor>::_M_manager(std::_Any_data&, const std::_Any_data&, std::_Manager_operation) [with _Res = void; _Functor = startTask1(void*)::<lambda(const std::string&)>; _ArgTypes = {const std::__cxx11::basic_string<char, std::char_traits<char>, std::allocator<char> >&}]	0	static
/home/knap-linux/st/stm32cubeide_1.17.0/plugins/com.st.stm32cube.ide.mcu.externaltools.gnu-tools-for-stm32.12.3.rel1.linux64_1.1.0.202410170702/tools/arm-none-eabi/include/c++/12.3.1/bits/std_function.h:267:7:), _Functor>::_M_manager(std::_Any_data&, const std::_Any_data&, std::_Manager_operation) [with _Res = void; _Functor = void (*)(const std::__cxx11::basic_string<char>&); _ArgTypes = {const std::__cxx11::basic_string<char, std::char_traits<char>, std::allocator<char> >&}]	0	static
/home/knap-linux/st/stm32cubeide_1.17.0/plugins/com.st.stm32cube.ide.mcu.externaltools.gnu-tools-for-stm32.12.3.rel1.linux64_1.1.0.202410170702/tools/arm-none-eabi/include/c++/12.3.1/bits/std_function.h:288:7:) [with _Res = void; _Functor = void (*)(const std::__cxx11::basic_string<char>&); _ArgTypes = {const std::__cxx11::basic_string<char, std::char_traits<char>, std::allocator<char> >&}]	0	static
/home/knap-linux/st/stm32cubeide_1.17.0/plugins/com.st.stm32cube.ide.mcu.externaltools.gnu-tools-for-stm32.12.3.rel1.linux64_1.1.0.202410170702/tools/arm-none-eabi/include/c++/12.3.1/bits/std_function.h:267:7:), _Functor>::_M_manager(std::_Any_data&, const std::_Any_data&, std::_Manager_operation) [with _Res = std::__cxx11::basic_string<char>; _Functor = std::_Bind<std::__cxx11::basic_string<char> (UartController::*(UartController*))()>; _ArgTypes = {}]	16	static
/home/knap-linux/st/stm32cubeide_1.17.0/plugins/com.st.stm32cube.ide.mcu.externaltools.gnu-tools-for-stm32.12.3.rel1.linux64_1.1.0.202410170702/tools/arm-none-eabi/include/c++/12.3.1/bits/std_function.h:267:7:), _Functor>::_M_manager(std::_Any_data&, const std::_Any_data&, std::_Manager_operation) [with _Res = void; _Functor = std::_Bind<bool (UartController::*(UartController*, std::_Placeholder<1>))(std::__cxx11::basic_string<char>)>; _ArgTypes = {const std::__cxx11::basic_string<char, std::char_traits<char>, std::allocator<char> >&}]	16	static
/home/knap-linux/st/stm32cubeide_1.17.0/plugins/com.st.stm32cube.ide.mcu.externaltools.gnu-tools-for-stm32.12.3.rel1.linux64_1.1.0.202410170702/tools/arm-none-eabi/include/c++/12.3.1/bits/std_function.h:288:7:) [with _Res = void; _Functor = std::_Bind<bool (UartController::*(UartController*, std::_Placeholder<1>))(std::__cxx11::basic_string<char>)>; _ArgTypes = {const std::__cxx11::basic_string<char, std::char_traits<char>, std::allocator<char> >&}]	56	static
/home/knap-linux/st/stm32cubeide_1.17.0/plugins/com.st.stm32cube.ide.mcu.externaltools.gnu-tools-for-stm32.12.3.rel1.linux64_1.1.0.202410170702/tools/arm-none-eabi/include/c++/12.3.1/bits/basic_string.h:642:7:std::__cxx11::basic_string<_CharT, _Traits, _Alloc>::basic_string(const _CharT*, const _Alloc&) [with _CharT = char; _Traits = std::char_traits<char>; _Alloc = std::allocator<char>]	24	static
../Core/Src/main.cpp:361:6:void testPartial(const std::string&)	32	static
../Core/Src/main.cpp:356:6:void printHelp(const std::string&)	32	static
../Core/Src/main.cpp:351:6:void testFunc(const std::string&)	32	static
/home/knap-linux/st/stm32cubeide_1.17.0/plugins/com.st.stm32cube.ide.mcu.externaltools.gnu-tools-for-stm32.12.3.rel1.linux64_1.1.0.202410170702/tools/arm-none-eabi/include/c++/12.3.1/bits/std_function.h:288:7:) [with _Res = void; _Functor = startTask1(void*)::<lambda(const std::string&)>; _ArgTypes = {const std::__cxx11::basic_string<char, std::char_traits<char>, std::allocator<char> >&}]	32	static
../Core/Src/main.cpp:432:6:void startTask3(void*)	8	static
../Core/Src/main.cpp:450:6:void startTask4(void*)	8	static
/home/knap-linux/st/stm32cubeide_1.17.0/plugins/com.st.stm32cube.ide.mcu.externaltools.gnu-tools-for-stm32.12.3.rel1.linux64_1.1.0.202410170702/tools/arm-none-eabi/include/c++/12.3.1/bits/std_function.h:241:5:std::_Function_base::~_Function_base()	8	static
../Core/Src/main.cpp:213:6:void SystemClock_Config()	88	static,ignoring_inline_asm
../Core/Src/main.cpp:103:5:int main()	48	static,ignoring_inline_asm
../Core/Src/main.cpp:339:6:void HAL_UART_TxCpltCallback(UART_HandleTypeDef*)	0	static
../Core/Src/main.cpp:344:6:void HAL_UART_RxCpltCallback(UART_HandleTypeDef*)	0	static
../Core/Src/main.cpp:469:6:void HAL_TIM_PeriodElapsedCallback(TIM_HandleTypeDef*)	0	static
../Core/Src/main.cpp:485:6:void Error_Handler()	0	static,ignoring_inline_asm
/home/knap-linux/st/stm32cubeide_1.17.0/plugins/com.st.stm32cube.ide.mcu.externaltools.gnu-tools-for-stm32.12.3.rel1.linux64_1.1.0.202410170702/tools/arm-none-eabi/include/c++/12.3.1/bits/std_function.h:435:2:)>::function(_Functor&&) [with _Functor = void (&)(const std::__cxx11::basic_string<char>&); _Constraints = void; _Res = void; _ArgTypes = {const std::__cxx11::basic_string<char, std::char_traits<char>, std::allocator<char> >&}]	0	static
../Core/Src/main.cpp:382:6:void startTask1(void*)	536	static
../Core/Src/main.cpp:492:1:cpp)	0	static
../Core/Src/main.cpp:492:1:cpp)	0	static
