Archive member included to satisfy reference by file (symbol)

/home/knap-linux/st/stm32cubeide_1.17.0/plugins/com.st.stm32cube.ide.mcu.externaltools.gnu-tools-for-stm32.12.3.rel1.linux64_1.1.0.202410170702/tools/bin/../lib/gcc/arm-none-eabi/12.3.1/../../../../arm-none-eabi/lib/thumb/v7e-m+fp/hard/libstdc++_nano.a(del_ops.o)
                              ./Core/Src/console.o (operator delete(void*, unsigned int))
/home/knap-linux/st/stm32cubeide_1.17.0/plugins/com.st.stm32cube.ide.mcu.externaltools.gnu-tools-for-stm32.12.3.rel1.linux64_1.1.0.202410170702/tools/bin/../lib/gcc/arm-none-eabi/12.3.1/../../../../arm-none-eabi/lib/thumb/v7e-m+fp/hard/libstdc++_nano.a(new_op.o)
                              ./Core/Src/main.o (operator new(unsigned int))
/home/knap-linux/st/stm32cubeide_1.17.0/plugins/com.st.stm32cube.ide.mcu.externaltools.gnu-tools-for-stm32.12.3.rel1.linux64_1.1.0.202410170702/tools/bin/../lib/gcc/arm-none-eabi/12.3.1/../../../../arm-none-eabi/lib/thumb/v7e-m+fp/hard/libstdc++_nano.a(functexcept.o)
                              ./Core/Src/console.o (std::__throw_logic_error(char const*))
/home/knap-linux/st/stm32cubeide_1.17.0/plugins/com.st.stm32cube.ide.mcu.externaltools.gnu-tools-for-stm32.12.3.rel1.linux64_1.1.0.202410170702/tools/bin/../lib/gcc/arm-none-eabi/12.3.1/../../../../arm-none-eabi/lib/thumb/v7e-m+fp/hard/libstdc++_nano.a(functional.o)
                              ./Core/Src/console.o (std::__throw_bad_function_call())
/home/knap-linux/st/stm32cubeide_1.17.0/plugins/com.st.stm32cube.ide.mcu.externaltools.gnu-tools-for-stm32.12.3.rel1.linux64_1.1.0.202410170702/tools/bin/../lib/gcc/arm-none-eabi/12.3.1/../../../../arm-none-eabi/lib/thumb/v7e-m+fp/hard/libstdc++_nano.a(string-inst.o)
                              ./Core/Src/console.o (std::__cxx11::basic_string<char, std::char_traits<char>, std::allocator<char> >::_M_is_local() const)
/home/knap-linux/st/stm32cubeide_1.17.0/plugins/com.st.stm32cube.ide.mcu.externaltools.gnu-tools-for-stm32.12.3.rel1.linux64_1.1.0.202410170702/tools/bin/../lib/gcc/arm-none-eabi/12.3.1/../../../../arm-none-eabi/lib/thumb/v7e-m+fp/hard/libstdc++_nano.a(del_op.o)
                              /home/knap-linux/st/stm32cubeide_1.17.0/plugins/com.st.stm32cube.ide.mcu.externaltools.gnu-tools-for-stm32.12.3.rel1.linux64_1.1.0.202410170702/tools/bin/../lib/gcc/arm-none-eabi/12.3.1/../../../../arm-none-eabi/lib/thumb/v7e-m+fp/hard/libstdc++_nano.a(del_ops.o) (operator delete(void*))
/home/knap-linux/st/stm32cubeide_1.17.0/plugins/com.st.stm32cube.ide.mcu.externaltools.gnu-tools-for-stm32.12.3.rel1.linux64_1.1.0.202410170702/tools/bin/../lib/gcc/arm-none-eabi/12.3.1/../../../../arm-none-eabi/lib/thumb/v7e-m+fp/hard/libstdc++_nano.a(eh_exception.o)
                              /home/knap-linux/st/stm32cubeide_1.17.0/plugins/com.st.stm32cube.ide.mcu.externaltools.gnu-tools-for-stm32.12.3.rel1.linux64_1.1.0.202410170702/tools/bin/../lib/gcc/arm-none-eabi/12.3.1/../../../../arm-none-eabi/lib/thumb/v7e-m+fp/hard/libstdc++_nano.a(functional.o) (std::exception::~exception())
/home/knap-linux/st/stm32cubeide_1.17.0/plugins/com.st.stm32cube.ide.mcu.externaltools.gnu-tools-for-stm32.12.3.rel1.linux64_1.1.0.202410170702/tools/bin/../lib/gcc/arm-none-eabi/12.3.1/../../../../arm-none-eabi/lib/thumb/v7e-m+fp/hard/libstdc++_nano.a(new_handler.o)
                              /home/knap-linux/st/stm32cubeide_1.17.0/plugins/com.st.stm32cube.ide.mcu.externaltools.gnu-tools-for-stm32.12.3.rel1.linux64_1.1.0.202410170702/tools/bin/../lib/gcc/arm-none-eabi/12.3.1/../../../../arm-none-eabi/lib/thumb/v7e-m+fp/hard/libstdc++_nano.a(new_op.o) (std::get_new_handler())
/home/knap-linux/st/stm32cubeide_1.17.0/plugins/com.st.stm32cube.ide.mcu.externaltools.gnu-tools-for-stm32.12.3.rel1.linux64_1.1.0.202410170702/tools/bin/../lib/gcc/arm-none-eabi/12.3.1/../../../../arm-none-eabi/lib/thumb/v7e-m+fp/hard/libstdc++_nano.a(si_class_type_info.o)
                              /home/knap-linux/st/stm32cubeide_1.17.0/plugins/com.st.stm32cube.ide.mcu.externaltools.gnu-tools-for-stm32.12.3.rel1.linux64_1.1.0.202410170702/tools/bin/../lib/gcc/arm-none-eabi/12.3.1/../../../../arm-none-eabi/lib/thumb/v7e-m+fp/hard/libstdc++_nano.a(functional.o) (vtable for __cxxabiv1::__si_class_type_info)
/home/knap-linux/st/stm32cubeide_1.17.0/plugins/com.st.stm32cube.ide.mcu.externaltools.gnu-tools-for-stm32.12.3.rel1.linux64_1.1.0.202410170702/tools/bin/../lib/gcc/arm-none-eabi/12.3.1/../../../../arm-none-eabi/lib/thumb/v7e-m+fp/hard/libstdc++_nano.a(tinfo.o)
                              /home/knap-linux/st/stm32cubeide_1.17.0/plugins/com.st.stm32cube.ide.mcu.externaltools.gnu-tools-for-stm32.12.3.rel1.linux64_1.1.0.202410170702/tools/bin/../lib/gcc/arm-none-eabi/12.3.1/../../../../arm-none-eabi/lib/thumb/v7e-m+fp/hard/libstdc++_nano.a(si_class_type_info.o) (std::type_info::__is_pointer_p() const)
[...]
Memory Configuration

Name             Origin             Length             Attributes
RAM              0x20000000         0x00020000         xrw
FLASH            0x08000000         0x00080000         xr
*default*        0x00000000         0xffffffff

Linker script and memory map

LOAD /home/knap-linux/st/stm32cubeide_1.17.0/plugins/com.st.stm32cube.ide.mcu.externaltools.gnu-tools-for-stm32.12.3.rel1.linux64_1.1.0.202410170702/tools/bin/../lib/gcc/arm-none-eabi/12.3.1/thumb/v7e-m+fp/hard/crti.o
LOAD /home/knap-linux/st/stm32cubeide_1.17.0/plugins/com.st.stm32cube.ide.mcu.externaltools.gnu-tools-for-stm32.12.3.rel1.linux64_1.1.0.202410170702/tools/bin/../lib/gcc/arm-none-eabi/12.3.1/thumb/v7e-m+fp/hard/crtbegin.o
LOAD /home/knap-linux/st/stm32cubeide_1.17.0/plugins/com.st.stm32cube.ide.mcu.externaltools.gnu-tools-for-stm32.12.3.rel1.linux64_1.1.0.202410170702/tools/bin/../lib/gcc/arm-none-eabi/12.3.1/../../../../arm-none-eabi/lib/thumb/v7e-m+fp/hard/crt0.o
LOAD ./Core/Src/app_freertos.o
LOAD ./Core/Src/console.o
LOAD ./Core/Src/main.o
LOAD ./Core/Src/stm32g4xx_hal_msp.o
LOAD ./Core/Src/stm32g4xx_hal_timebase_tim.o
LOAD ./Core/Src/stm32g4xx_it.o
LOAD ./Core/Src/syscalls.o
LOAD ./Core/Src/sysmem.o
LOAD ./Core/Src/system_stm32g4xx.o
LOAD ./Core/Src/uart_controller.o
LOAD ./Core/Startup/startup_stm32g474retx.o
LOAD ./Drivers/STM32G4xx_HAL_Driver/Src/stm32g4xx_hal.o
LOAD ./Drivers/STM32G4xx_HAL_Driver/Src/stm32g4xx_hal_cortex.o
LOAD ./Drivers/STM32G4xx_HAL_Driver/Src/stm32g4xx_hal_dma.o
LOAD ./Drivers/STM32G4xx_HAL_Driver/Src/stm32g4xx_hal_dma_ex.o
LOAD ./Drivers/STM32G4xx_HAL_Driver/Src/stm32g4xx_hal_exti.o
LOAD ./Drivers/STM32G4xx_HAL_Driver/Src/stm32g4xx_hal_flash.o
LOAD ./Drivers/STM32G4xx_HAL_Driver/Src/stm32g4xx_hal_flash_ex.o
LOAD ./Drivers/STM32G4xx_HAL_Driver/Src/stm32g4xx_hal_flash_ramfunc.o
LOAD ./Drivers/STM32G4xx_HAL_Driver/Src/stm32g4xx_hal_gpio.o
LOAD ./Drivers/STM32G4xx_HAL_Driver/Src/stm32g4xx_hal_pwr.o
LOAD ./Drivers/STM32G4xx_HAL_Driver/Src/stm32g4xx_hal_pwr_ex.o
LOAD ./Drivers/STM32G4xx_HAL_Driver/Src/stm32g4xx_hal_rcc.o
LOAD ./Drivers/STM32G4xx_HAL_Driver/Src/stm32g4xx_hal_rcc_ex.o
LOAD ./Drivers/STM32G4xx_HAL_Driver/Src/stm32g4xx_hal_tim.o
LOAD ./Drivers/STM32G4xx_HAL_Driver/Src/stm32g4xx_hal_tim_ex.o
LOAD ./Drivers/STM32G4xx_HAL_Driver/Src/stm32g4xx_hal_uart.o
LOAD ./Drivers/STM32G4xx_HAL_Driver/Src/stm32g4xx_hal_uart_ex.o
LOAD ./Middlewares/Third_Party/FreeRTOS/Source/CMSIS_RTOS_V2/cmsis_os2.o
LOAD ./Middlewares/Third_Party/FreeRTOS/Source/croutine.o
LOAD ./Middlewares/Third_Party/FreeRTOS/Source/event_groups.o
LOAD ./Middlewares/Third_Party/FreeRTOS/Source/list.o
LOAD ./Middlewares/Third_Party/FreeRTOS/Source/queue.o
LOAD ./Middlewares/Third_Party/FreeRTOS/Source/stream_buffer.o
LOAD ./Middlewares/Third_Party/FreeRTOS/Source/tasks.o
LOAD ./Middlewares/Third_Party/FreeRTOS/Source/timers.o
LOAD ./Middlewares/Third_Party/FreeRTOS/Source/portable/GCC/ARM_CM4F/port.o
LOAD ./Middlewares/Third_Party/FreeRTOS/Source/portable/MemMang/heap_4.o
START GROUP
LOAD /home/knap-linux/st/stm32cubeide_1.17.0/plugins/com.st.stm32cube.ide.mcu.externaltools.gnu-tools-for-stm32.12.3.rel1.linux64_1.1.0.202410170702/tools/bin/../lib/gcc/arm-none-eabi/12.3.1/../../../../arm-none-eabi/lib/thumb/v7e-m+fp/hard/libstdc++_nano.a
LOAD /home/knap-linux/st/stm32cubeide_1.17.0/plugins/com.st.stm32cube.ide.mcu.externaltools.gnu-tools-for-stm32.12.3.rel1.linux64_1.1.0.202410170702/tools/bin/../lib/gcc/arm-none-eabi/12.3.1/../../../../arm-none-eabi/lib/thumb/v7e-m+fp/hard/libsupc++_nano.a
END GROUP
LOAD /home/knap-linux/st/stm32cubeide_1.17.0/plugins/com.st.stm32cube.ide.mcu.externaltools.gnu-tools-for-stm32.12.3.rel1.linux64_1.1.0.202410170702/tools/bin/../lib/gcc/arm-none-eabi/12.3.1/../../../../arm-none-eabi/lib/thumb/v7e-m+fp/hard/libstdc++_nano.a
LOAD /home/knap-linux/st/stm32cubeide_1.17.0/plugins/com.st.stm32cube.ide.mcu.externaltools.gnu-tools-for-stm32.12.3.rel1.linux64_1.1.0.202410170702/tools/bin/../lib/gcc/arm-none-eabi/12.3.1/../../../../arm-none-eabi/lib/thumb/v7e-m+fp/hard/libm.a
LOAD /home/knap-linux/st/stm32cubeide_1.17.0/plugins/com.st.stm32cube.ide.mcu.externaltools.gnu-tools-for-stm32.12.3.rel1.linux64_1.1.0.202410170702/tools/bin/../lib/gcc/arm-none-eabi/12.3.1/../../../../arm-none-eabi/lib/thumb/v7e-m+fp/hard/libc_nano.a
START GROUP
LOAD /home/knap-linux/st/stm32cubeide_1.17.0/plugins/com.st.stm32cube.ide.mcu.externaltools.gnu-tools-for-stm32.12.3.rel1.linux64_1.1.0.202410170702/tools/bin/../lib/gcc/arm-none-eabi/12.3.1/thumb/v7e-m+fp/hard/libgcc.a
LOAD /home/knap-linux/st/stm32cubeide_1.17.0/plugins/com.st.stm32cube.ide.mcu.externaltools.gnu-tools-for-stm32.12.3.rel1.linux64_1.1.0.202410170702/tools/bin/../lib/gcc/arm-none-eabi/12.3.1/../../../../arm-none-eabi/lib/thumb/v7e-m+fp/hard/libc_nano.a
END GROUP
START GROUP
LOAD /home/knap-linux/st/stm32cubeide_1.17.0/plugins/com.st.stm32cube.ide.mcu.externaltools.gnu-tools-for-stm32.12.3.rel1.linux64_1.1.0.202410170702/tools/bin/../lib/gcc/arm-none-eabi/12.3.1/thumb/v7e-m+fp/hard/libgcc.a
LOAD /home/knap-linux/st/stm32cubeide_1.17.0/plugins/com.st.stm32cube.ide.mcu.externaltools.gnu-tools-for-stm32.12.3.rel1.linux64_1.1.0.202410170702/tools/bin/../lib/gcc/arm-none-eabi/12.3.1/../../../../arm-none-eabi/lib/thumb/v7e-m+fp/hard/libc_nano.a
END GROUP
LOAD /home/knap-linux/st/stm32cubeide_1.17.0/plugins/com.st.stm32cube.ide.mcu.externaltools.gnu-tools-for-stm32.12.3.rel1.linux64_1.1.0.202410170702/tools/bin/../lib/gcc/arm-none-eabi/12.3.1/thumb/v7e-m+fp/hard/crtend.o
LOAD /home/knap-linux/st/stm32cubeide_1.17.0/plugins/com.st.stm32cube.ide.mcu.externaltools.gnu-tools-for-stm32.12.3.rel1.linux64_1.1.0.202410170702/tools/bin/../lib/gcc/arm-none-eabi/12.3.1/thumb/v7e-m+fp/hard/crtn.o
                0x20020000                        _estack = (ORIGIN (RAM) + LENGTH (RAM))
                0x00000200                        _Min_Heap_Size = 0x200
                0x00000400                        _Min_Stack_Size = 0x400

.isr_vector     0x08000000      0x1d8
                0x08000000                        . = ALIGN (0x4)
 *(.isr_vector)
 .isr_vector    0x08000000      0x1d8 ./Core/Startup/startup_stm32g474retx.o
                0x08000000                g_pfnVectors
                0x080001d8                        . = ALIGN (0x4)

.text           0x080001e0     0x5f28
                0x080001e0                        . = ALIGN (0x4)
 *(.text)
 .text          0x080001e0       0x40 /home/knap-linux/st/stm32cubeide_1.17.0/plugins/com.st.stm32cube.ide.mcu.externaltools.gnu-tools-for-stm32.12.3.rel1.linux64_1.1.0.202410170702/tools/bin/../lib/gcc/arm-none-eabi/12.3.1/thumb/v7e-m+fp/hard/crtbegin.o
 .text          0x08000220       0x14 /home/knap-linux/st/stm32cubeide_1.17.0/plugins/com.st.stm32cube.ide.mcu.externaltools.gnu-tools-for-stm32.12.3.rel1.linux64_1.1.0.202410170702/tools/bin/../lib/gcc/arm-none-eabi/12.3.1/../../../../arm-none-eabi/lib/thumb/v7e-m+fp/hard/libc_nano.a(libc_a-strcmp.o)
                0x08000220                strcmp
 .text          0x08000234       0x10 /home/knap-linux/st/stm32cubeide_1.17.0/plugins/com.st.stm32cube.ide.mcu.externaltools.gnu-tools-for-stm32.12.3.rel1.linux64_1.1.0.202410170702/tools/bin/../lib/gcc/arm-none-eabi/12.3.1/../../../../arm-none-eabi/lib/thumb/v7e-m+fp/hard/libc_nano.a(libc_a-strlen.o)
                0x08000234                strlen
 .text          0x08000244       0x30 /home/knap-linux/st/stm32cubeide_1.17.0/plugins/com.st.stm32cube.ide.mcu.externaltools.gnu-tools-for-stm32.12.3.rel1.linux64_1.1.0.202410170702/tools/bin/../lib/gcc/arm-none-eabi/12.3.1/thumb/v7e-m+fp/hard/libgcc.a(_aeabi_uldivmod.o)
                0x08000244                __aeabi_uldivmod
 .text          0x08000274      0x2bc /home/knap-linux/st/stm32cubeide_1.17.0/plugins/com.st.stm32cube.ide.mcu.externaltools.gnu-tools-for-stm32.12.3.rel1.linux64_1.1.0.202410170702/tools/bin/../lib/gcc/arm-none-eabi/12.3.1/thumb/v7e-m+fp/hard/libgcc.a(_udivmoddi4.o)
                0x08000274                __udivmoddi4
 .text          0x08000530        0x4 /home/knap-linux/st/stm32cubeide_1.17.0/plugins/com.st.stm32cube.ide.mcu.externaltools.gnu-tools-for-stm32.12.3.rel1.linux64_1.1.0.202410170702/tools/bin/../lib/gcc/arm-none-eabi/12.3.1/thumb/v7e-m+fp/hard/libgcc.a(_dvmd_tls.o)
                0x08000530                __aeabi_ldiv0
                0x08000530                __aeabi_idiv0
 *(.text*)
 .text._ZNSt7__cxx1112basic_stringIcSt11char_traitsIcESaIcEEC2ERKS4_.isra.0
                0x08000534       0x3e ./Core/Src/console.o
 *fill*         0x08000572        0x2 
 .text._ZNSt7__cxx1112basic_stringIcSt11char_traitsIcESaIcEEC2EPKcRKS3_.isra.0
                0x08000574       0x50 ./Core/Src/console.o
 .text._ZNSt14_Function_baseD2Ev
                0x080005c4       0x12 ./Core/Src/console.o
                0x080005c4                std::_Function_base::~_Function_base()
                0x080005c4                std::_Function_base::~_Function_base()
 *fill*         0x080005d6        0x2 
 .text._ZN7ConsoleD2Ev
                0x080005d8       0x3c ./Core/Src/console.o
                0x080005d8                Console::~Console()
                0x080005d8                Console::~Console()
 .text._ZN7ConsoleD0Ev
                0x08000614       0x16 ./Core/Src/console.o
                0x08000614                Console::~Console()
 .text._ZNSt8functionIFvRKNSt7__cxx1112basic_stringIcSt11char_traitsIcESaIcEEEEEC2ERKS9_
                0x0800062a       0x24 ./Core/Src/console.o
                0x0800062a                std::function<void (std::__cxx11::basic_string<char, std::char_traits<char>, std::allocator<char> > const&)>::function(std::function<void (std::__cxx11::basic_string<char, std::char_traits<char>, std::allocator<char> > const&)> const&)
                0x0800062a                std::function<void (std::__cxx11::basic_string<char, std::char_traits<char>, std::allocator<char> > const&)>::function(std::function<void (std::__cxx11::basic_string<char, std::char_traits<char>, std::allocator<char> > const&)> const&)
 *fill*         0x0800064e        0x2 
 .text._ZN7ConsoleC2ESt8functionIFvRKNSt7__cxx1112basic_stringIcSt11char_traitsIcESaIcEEEEES0_IFS6_vEE
                0x08000650       0x64 ./Core/Src/console.o
                0x08000650                Console::Console(std::function<void (std::__cxx11::basic_string<char, std::char_traits<char>, std::allocator<char> > const&)>, std::function<std::__cxx11::basic_string<char, std::char_traits<char>, std::allocator<char> > ()>)
                0x08000650                Console::Console(std::function<void (std::__cxx11::basic_string<char, std::char_traits<char>, std::allocator<char> > const&)>, std::function<std::__cxx11::basic_string<char, std::char_traits<char>, std::allocator<char> > ()>)
 .text._ZN7Console15registerCommandERKNSt7__cxx1112basic_stringIcSt11char_traitsIcESaIcEEESt8functionIFvS7_EEm
                0x080006b4      0x104 ./Core/Src/console.o
                0x080006b4                Console::registerCommand(std::__cxx11::basic_string<char, std::char_traits<char>, std::allocator<char> > const&, std::function<void (std::__cxx11::basic_string<char, std::char_traits<char>, std::allocator<char> > const&)>, unsigned long)
 .text._ZNKSt8functionIFvRKNSt7__cxx1112basic_stringIcSt11char_traitsIcESaIcEEEEEclES7_
                0x080007b8       0x12 ./Core/Src/console.o
                0x080007b8                std::function<void (std::__cxx11::basic_string<char, std::char_traits<char>, std::allocator<char> > const&)>::operator()(std::__cxx11::basic_string<char, std::char_traits<char>, std::allocator<char> > const&) const
 *fill*         0x080007ca        0x2 
 .text._ZN7Console3runEv
                0x080007cc       0xb4 ./Core/Src/console.o
                0x080007cc                Console::run()
 .text._ZN7Console5clearEv
                0x08000880       0x30 ./Core/Src/console.o
                0x08000880                Console::clear()
 .text._ZN7Console9setCursorEmm
                0x080008b0       0x78 ./Core/Src/console.o
                0x080008b0                Console::setCursor(unsigned long, unsigned long)
 .text._ZN7Console15printRegisteredEv
                0x08000928       0x74 ./Core/Src/console.o
                0x08000928                Console::printRegistered()
 .text._ZN7Console12verticalLineEv
                0x0800099c       0x48 ./Core/Src/console.o
                0x0800099c                Console::verticalLine()
 .text._ZN7Console6splashEv
                0x080009e4       0x84 ./Core/Src/console.o
                0x080009e4                Console::splash()
 .text._Z10startTask2Pv
                0x08000a68        0xc ./Core/Src/main.o
                0x08000a68                startTask2(void*)
 .text._ZNSt17_Function_handlerIFNSt7__cxx1112basic_stringIcSt11char_traitsIcESaIcEEEvESt5_BindIFM14UartControllerFS5_vEPS8_EEE9_M_invokeERKSt9_Any_data
                0x08000a74       0x24 ./Core/Src/main.o
                0x08000a74                std::_Function_handler<std::__cxx11::basic_string<char, std::char_traits<char>, std::allocator<char> > (), std::_Bind<std::__cxx11::basic_string<char, std::char_traits<char>, std::allocator<char> > (UartController::*(UartController*))()> >::_M_invoke(std::_Any_data const&)
 .text._ZNSt17_Function_handlerIFvRKNSt7__cxx1112basic_stringIcSt11char_traitsIcESaIcEEEEZ10startTask1PvEUlS7_E_E10_M_managerERSt9_Any_dataRKSC_St18_Manager_operation
                0x08000a98       0x20 ./Core/Src/main.o
 .text._ZNSt17_Function_handlerIFvRKNSt7__cxx1112basic_stringIcSt11char_traitsIcESaIcEEEEPS8_E10_M_managerERSt9_Any_dataRKSB_St18_Manager_operation
                0x08000ab8       0x20 ./Core/Src/main.o
                0x08000ab8                std::_Function_handler<void (std::__cxx11::basic_string<char, std::char_traits<char>, std::allocator<char> > const&), void (*)(std::__cxx11::basic_string<char, std::char_traits<char>, std::allocator<char> > const&)>::_M_manager(std::_Any_data&, std::_Any_data const&, std::_Manager_operation)
 .text._ZNSt17_Function_handlerIFvRKNSt7__cxx1112basic_stringIcSt11char_traitsIcESaIcEEEEPS8_E9_M_invokeERKSt9_Any_dataS7_
                0x08000ad8        0x6 ./Core/Src/main.o
                0x08000ad8                std::_Function_handler<void (std::__cxx11::basic_string<char, std::char_traits<char>, std::allocator<char> > const&), void (*)(std::__cxx11::basic_string<char, std::char_traits<char>, std::allocator<char> > const&)>::_M_invoke(std::_Any_data const&, std::__cxx11::basic_string<char, std::char_traits<char>, std::allocator<char> > const&)
 .text._ZNSt17_Function_handlerIFNSt7__cxx1112basic_stringIcSt11char_traitsIcESaIcEEEvESt5_BindIFM14UartControllerFS5_vEPS8_EEE10_M_managerERSt9_Any_dataRKSF_St18_Manager_operation
                0x08000ade       0x40 ./Core/Src/main.o
                0x08000ade                std::_Function_handler<std::__cxx11::basic_string<char, std::char_traits<char>, std::allocator<char> > (), std::_Bind<std::__cxx11::basic_string<char, std::char_traits<char>, std::allocator<char> > (UartController::*(UartController*))()> >::_M_manager(std::_Any_data&, std::_Any_data const&, std::_Manager_operation)
 .text._ZNSt17_Function_handlerIFvRKNSt7__cxx1112basic_stringIcSt11char_traitsIcESaIcEEEESt5_BindIFM14UartControllerFbS5_EPSA_St12_PlaceholderILi1EEEEE10_M_managerERSt9_Any_dataRKSJ_St18_Manager_operation
                0x08000b1e       0x40 ./Core/Src/main.o
                0x08000b1e                std::_Function_handler<void (std::__cxx11::basic_string<char, std::char_traits<char>, std::allocator<char> > const&), std::_Bind<bool (UartController::*(UartController*, std::_Placeholder<1>))(std::__cxx11::basic_string<char, std::char_traits<char>, std::allocator<char> >)> >::_M_manager(std::_Any_data&, std::_Any_data const&, std::_Manager_operation)
 .text._ZNSt17_Function_handlerIFvRKNSt7__cxx1112basic_stringIcSt11char_traitsIcESaIcEEEESt5_BindIFM14UartControllerFbS5_EPSA_St12_PlaceholderILi1EEEEE9_M_invokeERKSt9_Any_dataS7_
                0x08000b5e       0x62 ./Core/Src/main.o
                0x08000b5e                std::_Function_handler<void (std::__cxx11::basic_string<char, std::char_traits<char>, std::allocator<char> > const&), std::_Bind<bool (UartController::*(UartController*, std::_Placeholder<1>))(std::__cxx11::basic_string<char, std::char_traits<char>, std::allocator<char> >)> >::_M_invoke(std::_Any_data const&, std::__cxx11::basic_string<char, std::char_traits<char>, std::allocator<char> > const&)
 .text._ZNSt7__cxx1112basic_stringIcSt11char_traitsIcESaIcEEC2EPKcRKS3_.isra.0
                0x08000bc0       0x50 ./Core/Src/main.o
 .text._Z11testPartialRKNSt7__cxx1112basic_stringIcSt11char_traitsIcESaIcEEE
                0x08000c10       0x28 ./Core/Src/main.o
                0x08000c10                testPartial(std::__cxx11::basic_string<char, std::char_traits<char>, std::allocator<char> > const&)
 .text._Z9printHelpRKNSt7__cxx1112basic_stringIcSt11char_traitsIcESaIcEEE
                0x08000c38       0x28 ./Core/Src/main.o
                0x08000c38                printHelp(std::__cxx11::basic_string<char, std::char_traits<char>, std::allocator<char> > const&)
 .text._Z8testFuncRKNSt7__cxx1112basic_stringIcSt11char_traitsIcESaIcEEE
                0x08000c60       0x28 ./Core/Src/main.o
                0x08000c60                testFunc(std::__cxx11::basic_string<char, std::char_traits<char>, std::allocator<char> > const&)
 .text._ZNSt17_Function_handlerIFvRKNSt7__cxx1112basic_stringIcSt11char_traitsIcESaIcEEEEZ10startTask1PvEUlS7_E_E9_M_invokeERKSt9_Any_dataS7_
                0x08000c88       0x28 ./Core/Src/main.o
 .text._Z10startTask3Pv
                0x08000cb0        0xc ./Core/Src/main.o
                0x08000cb0                startTask3(void*)
 .text._Z10startTask4Pv
                0x08000cbc        0xc ./Core/Src/main.o
                0x08000cbc                startTask4(void*)
 .text._Z18SystemClock_Configv
                0x08000cc8       0x6a ./Core/Src/main.o
                0x08000cc8                SystemClock_Config()
 *fill*         0x08000d32        0x2 
 .text.startup.main
                0x08000d34      0x200 ./Core/Src/main.o
                0x08000d34                main
 .text.HAL_UART_TxCpltCallback
                0x08000f34        0xc ./Core/Src/main.o
                0x08000f34                HAL_UART_TxCpltCallback
 .text.HAL_UART_RxCpltCallback
                0x08000f40        0xc ./Core/Src/main.o
                0x08000f40                HAL_UART_RxCpltCallback
 .text.HAL_TIM_PeriodElapsedCallback
                0x08000f4c       0x14 ./Core/Src/main.o
                0x08000f4c                HAL_TIM_PeriodElapsedCallback
 .text.Error_Handler
                0x08000f60        0x4 ./Core/Src/main.o
                0x08000f60                Error_Handler
 .text._ZNSt8functionIFvRKNSt7__cxx1112basic_stringIcSt11char_traitsIcESaIcEEEEEC2IRS8_vEEOT_
                0x08000f64       0x18 ./Core/Src/main.o
                0x08000f64                std::function<void (std::__cxx11::basic_string<char, std::char_traits<char>, std::allocator<char> > const&)>::function<void (&)(std::__cxx11::basic_string<char, std::char_traits<char>, std::allocator<char> > const&), void>(void (&)(std::__cxx11::basic_string<char, std::char_traits<char>, std::allocator<char> > const&))
                0x08000f64                std::function<void (std::__cxx11::basic_string<char, std::char_traits<char>, std::allocator<char> > const&)>::function<void (&)(std::__cxx11::basic_string<char, std::char_traits<char>, std::allocator<char> > const&), void>(void (&)(std::__cxx11::basic_string<char, std::char_traits<char>, std::allocator<char> > const&))
 .text._Z10startTask1Pv
                0x08000f7c      0x15c ./Core/Src/main.o
                0x08000f7c                startTask1(void*)
 .text.startup._GLOBAL__sub_I_huart2
                0x080010d8        0xc ./Core/Src/main.o
 .text.exit._GLOBAL__sub_D_huart2
                0x080010e4        0xc ./Core/Src/main.o
 .text.HAL_MspInit
                0x080010f0       0x44 ./Core/Src/stm32g4xx_hal_msp.o
                0x080010f0                HAL_MspInit
 .text.HAL_UART_MspInit
                0x08001134       0x90 ./Core/Src/stm32g4xx_hal_msp.o
                0x08001134                HAL_UART_MspInit
 .text.HAL_InitTick
                0x080011c4       0x8c ./Core/Src/stm32g4xx_hal_timebase_tim.o
                0x080011c4                HAL_InitTick
 .text.NMI_Handler
                0x08001250        0x2 ./Core/Src/stm32g4xx_it.o
                0x08001250                NMI_Handler
 .text.HardFault_Handler
                0x08001252        0x2 ./Core/Src/stm32g4xx_it.o
                0x08001252                HardFault_Handler
 .text.MemManage_Handler
                0x08001254        0x2 ./Core/Src/stm32g4xx_it.o
                0x08001254                MemManage_Handler
 .text.BusFault_Handler
                0x08001256        0x2 ./Core/Src/stm32g4xx_it.o
                0x08001256                BusFault_Handler
 .text.UsageFault_Handler
                0x08001258        0x2 ./Core/Src/stm32g4xx_it.o
                0x08001258                UsageFault_Handler
 .text.DebugMon_Handler
                0x0800125a        0x2 ./Core/Src/stm32g4xx_it.o
                0x0800125a                DebugMon_Handler
 .text.USART2_IRQHandler
                0x0800125c        0xc ./Core/Src/stm32g4xx_it.o
                0x0800125c                USART2_IRQHandler
 .text.EXTI15_10_IRQHandler
                0x08001268        0x8 ./Core/Src/stm32g4xx_it.o
                0x08001268                EXTI15_10_IRQHandler
 .text.TIM6_DAC_IRQHandler
                0x08001270        0xc ./Core/Src/stm32g4xx_it.o
                0x08001270                TIM6_DAC_IRQHandler
 .text._getpid  0x0800127c        0x4 ./Core/Src/syscalls.o
                0x0800127c                _getpid
 .text._kill    0x08001280       0x10 ./Core/Src/syscalls.o
                0x08001280                _kill
 .text._exit    0x08001290        0xc ./Core/Src/syscalls.o
                0x08001290                _exit
 .text._sbrk    0x0800129c       0x40 ./Core/Src/sysmem.o
                0x0800129c                _sbrk
 .text.SystemInit
                0x080012dc       0x14 ./Core/Src/system_stm32g4xx.o
                0x080012dc                SystemInit
 .text._ZN14UartControllerD2Ev
                0x080012f0        0x2 ./Core/Src/uart_controller.o
                0x080012f0                UartController::~UartController()
                0x080012f0                UartController::~UartController()
 .text._ZN14UartControllerD0Ev
                0x080012f2        0xe ./Core/Src/uart_controller.o
                0x080012f2                UartController::~UartController()
 .text._ZNSt7__cxx1112basic_stringIcSt11char_traitsIcESaIcEEC2EPKcRKS3_.isra.0
                0x08001300       0x50 ./Core/Src/uart_controller.o
 .text._ZN14UartControllerC2Ev
                0x08001350       0x18 ./Core/Src/uart_controller.o
                0x08001350                UartController::UartController()
                0x08001350                UartController::UartController()
 .text._ZN14UartController13setHandleUartEP20__UART_HandleTypeDef
                0x08001368        0x4 ./Core/Src/uart_controller.o
                0x08001368                UartController::setHandleUart(__UART_HandleTypeDef*)
 .text._ZN14UartController14setHandleSemTxEPPv
                0x0800136c        0x4 ./Core/Src/uart_controller.o
                0x0800136c                UartController::setHandleSemTx(void**)
 .text._ZN14UartController16setHandleQueueRxEPPv
                0x08001370        0x4 ./Core/Src/uart_controller.o
                0x08001370                UartController::setHandleQueueRx(void**)
 .text._ZN14UartController16setHandleMutexTxEPPv
                0x08001374        0x4 ./Core/Src/uart_controller.o
                0x08001374                UartController::setHandleMutexTx(void**)
 .text._ZN14UartController4initEv
                0x08001378       0x28 ./Core/Src/uart_controller.o
                0x08001378                UartController::init()
 .text._ZN14UartController4sendENSt7__cxx1112basic_stringIcSt11char_traitsIcESaIcEEE
                0x080013a0       0x4c ./Core/Src/uart_controller.o
                0x080013a0                UartController::send(std::__cxx11::basic_string<char, std::char_traits<char>, std::allocator<char> >)
 .text._ZN14UartController7receiveB5cxx11Ev
                0x080013ec       0xc8 ./Core/Src/uart_controller.o
                0x080013ec                UartController::receive[abi:cxx11]()
 .text._ZN14UartController17updateInterruptRxEP20__UART_HandleTypeDef
                0x080014b4       0x3a ./Core/Src/uart_controller.o
                0x080014b4                UartController::updateInterruptRx(__UART_HandleTypeDef*)
 .text._ZN14UartController17updateInterruptTxEP20__UART_HandleTypeDef
                0x080014ee       0x20 ./Core/Src/uart_controller.o
                0x080014ee                UartController::updateInterruptTx(__UART_HandleTypeDef*)
 .text._ZN14UartController8printoutEb
                0x0800150e        0x4 ./Core/Src/uart_controller.o
                0x0800150e                UartController::printout(bool)
 *fill*         0x08001512        0x2 
 .text.Reset_Handler
                0x08001514       0x50 ./Core/Startup/startup_stm32g474retx.o
                0x08001514                Reset_Handler
 .text.Default_Handler
                0x08001564        0x2 ./Core/Startup/startup_stm32g474retx.o
                0x08001564                RTC_Alarm_IRQHandler
                0x08001564                EXTI2_IRQHandler
                0x08001564                TIM8_TRG_COM_IRQHandler
                0x08001564                TIM8_CC_IRQHandler
                0x08001564                HRTIM1_Master_IRQHandler
                0x08001564                SPI4_IRQHandler
                0x08001564                FDCAN3_IT0_IRQHandler
                0x08001564                TIM1_CC_IRQHandler
                0x08001564                HRTIM1_FLT_IRQHandler
                0x08001564                HRTIM1_TIMF_IRQHandler
                0x08001564                USB_HP_IRQHandler
                0x08001564                CORDIC_IRQHandler
                0x08001564                HRTIM1_TIMD_IRQHandler
                0x08001564                DMA2_Channel8_IRQHandler
                0x08001564                EXTI3_IRQHandler
                0x08001564                I2C3_ER_IRQHandler
                0x08001564                EXTI0_IRQHandler
                0x08001564                I2C2_EV_IRQHandler
                0x08001564                FPU_IRQHandler
                0x08001564                FDCAN1_IT1_IRQHandler
                0x08001564                TIM1_UP_TIM16_IRQHandler
                0x08001564                ADC1_2_IRQHandler
                0x08001564                HRTIM1_TIME_IRQHandler
                0x08001564                SPI1_IRQHandler
                0x08001564                HRTIM1_TIMC_IRQHandler
                0x08001564                TIM8_UP_IRQHandler
                0x08001564                DMA2_Channel2_IRQHandler
                0x08001564                DMA1_Channel4_IRQHandler
                0x08001564                TIM20_TRG_COM_IRQHandler
                0x08001564                USART3_IRQHandler
                0x08001564                DMA1_Channel7_IRQHandler
                0x08001564                UART5_IRQHandler
                0x08001564                ADC3_IRQHandler
                0x08001564                TIM4_IRQHandler
                0x08001564                DMA2_Channel1_IRQHandler
                0x08001564                QUADSPI_IRQHandler
                0x08001564                I2C1_EV_IRQHandler
                0x08001564                DMA1_Channel6_IRQHandler
                0x08001564                UART4_IRQHandler
                0x08001564                DMA2_Channel4_IRQHandler
                0x08001564                TIM3_IRQHandler
                0x08001564                RCC_IRQHandler
                0x08001564                TIM20_UP_IRQHandler
                0x08001564                DMA1_Channel1_IRQHandler
                0x08001564                Default_Handler
                0x08001564                DMA2_Channel7_IRQHandler
                0x08001564                RTC_TAMP_LSECSS_IRQHandler
                0x08001564                FMAC_IRQHandler
                0x08001564                DMA1_Channel8_IRQHandler
                0x08001564                HRTIM1_TIMA_IRQHandler
                0x08001564                TIM7_DAC_IRQHandler
                0x08001564                FDCAN3_IT1_IRQHandler
                0x08001564                TIM5_IRQHandler
                0x08001564                UCPD1_IRQHandler
                0x08001564                I2C3_EV_IRQHandler
                0x08001564                EXTI9_5_IRQHandler
                0x08001564                RTC_WKUP_IRQHandler
                0x08001564                PVD_PVM_IRQHandler
                0x08001564                SPI2_IRQHandler
                0x08001564                ADC5_IRQHandler
                0x08001564                DMA2_Channel5_IRQHandler
                0x08001564                CRS_IRQHandler
                0x08001564                DMA1_Channel5_IRQHandler
                0x08001564                USB_LP_IRQHandler
                0x08001564                EXTI4_IRQHandler
                0x08001564                RNG_IRQHandler
                0x08001564                HRTIM1_TIMB_IRQHandler
                0x08001564                TIM1_TRG_COM_TIM17_IRQHandler
                0x08001564                FDCAN2_IT1_IRQHandler
                0x08001564                DMA1_Channel3_IRQHandler
                0x08001564                ADC4_IRQHandler
                0x08001564                WWDG_IRQHandler
                0x08001564                I2C4_EV_IRQHandler
                0x08001564                FDCAN2_IT0_IRQHandler
                0x08001564                LPUART1_IRQHandler
                0x08001564                DMA2_Channel6_IRQHandler
                0x08001564                FDCAN1_IT0_IRQHandler
                0x08001564                TIM2_IRQHandler
                0x08001564                COMP7_IRQHandler
                0x08001564                COMP1_2_3_IRQHandler
                0x08001564                EXTI1_IRQHandler
                0x08001564                COMP4_5_6_IRQHandler
                0x08001564                TIM20_BRK_IRQHandler
                0x08001564                I2C2_ER_IRQHandler
                0x08001564                DMA1_Channel2_IRQHandler
                0x08001564                TIM8_BRK_IRQHandler
                0x08001564                FLASH_IRQHandler
                0x08001564                TIM20_CC_IRQHandler
                0x08001564                USART1_IRQHandler
                0x08001564                SPI3_IRQHandler
                0x08001564                I2C1_ER_IRQHandler
                0x08001564                FMC_IRQHandler
                0x08001564                LPTIM1_IRQHandler
                0x08001564                DMAMUX_OVR_IRQHandler
                0x08001564                I2C4_ER_IRQHandler
                0x08001564                USBWakeUp_IRQHandler
                0x08001564                SAI1_IRQHandler
                0x08001564                DMA2_Channel3_IRQHandler
                0x08001564                TIM1_BRK_TIM15_IRQHandler
 .text.HAL_Init
                0x08001566       0x1e ./Drivers/STM32G4xx_HAL_Driver/Src/stm32g4xx_hal.o
                0x08001566                HAL_Init
 .text.HAL_IncTick
                0x08001584       0x18 ./Drivers/STM32G4xx_HAL_Driver/Src/stm32g4xx_hal.o
                0x08001584                HAL_IncTick
 .text.HAL_GetTick
                0x0800159c        0xc ./Drivers/STM32G4xx_HAL_Driver/Src/stm32g4xx_hal.o
                0x0800159c                HAL_GetTick
 .text.HAL_NVIC_SetPriorityGrouping
                0x080015a8       0x24 ./Drivers/STM32G4xx_HAL_Driver/Src/stm32g4xx_hal_cortex.o
                0x080015a8                HAL_NVIC_SetPriorityGrouping
 .text.HAL_NVIC_SetPriority
                0x080015cc       0x64 ./Drivers/STM32G4xx_HAL_Driver/Src/stm32g4xx_hal_cortex.o
                0x080015cc                HAL_NVIC_SetPriority
 .text.HAL_NVIC_EnableIRQ
                0x08001630       0x1c ./Drivers/STM32G4xx_HAL_Driver/Src/stm32g4xx_hal_cortex.o
                0x08001630                HAL_NVIC_EnableIRQ
 .text.HAL_DMA_Abort
                0x0800164c       0x64 ./Drivers/STM32G4xx_HAL_Driver/Src/stm32g4xx_hal_dma.o
                0x0800164c                HAL_DMA_Abort
 .text.HAL_DMA_Abort_IT
                0x080016b0       0x76 ./Drivers/STM32G4xx_HAL_Driver/Src/stm32g4xx_hal_dma.o
                0x080016b0                HAL_DMA_Abort_IT
 *fill*         0x08001726        0x2 
 .text.HAL_GPIO_Init
                0x08001728      0x194 ./Drivers/STM32G4xx_HAL_Driver/Src/stm32g4xx_hal_gpio.o
                0x08001728                HAL_GPIO_Init
 .text.HAL_GPIO_WritePin
                0x080018bc        0xa ./Drivers/STM32G4xx_HAL_Driver/Src/stm32g4xx_hal_gpio.o
                0x080018bc                HAL_GPIO_WritePin
 .text.HAL_GPIO_EXTI_Callback
                0x080018c6        0x2 ./Drivers/STM32G4xx_HAL_Driver/Src/stm32g4xx_hal_gpio.o
                0x080018c6                HAL_GPIO_EXTI_Callback
 .text.HAL_GPIO_EXTI_IRQHandler
                0x080018c8       0x18 ./Drivers/STM32G4xx_HAL_Driver/Src/stm32g4xx_hal_gpio.o
                0x080018c8                HAL_GPIO_EXTI_IRQHandler
 .text.HAL_PWREx_ControlVoltageScaling
                0x080018e0       0xb0 ./Drivers/STM32G4xx_HAL_Driver/Src/stm32g4xx_hal_pwr_ex.o
                0x080018e0                HAL_PWREx_ControlVoltageScaling
 .text.HAL_PWREx_DisableUCPDDeadBattery
                0x08001990       0x10 ./Drivers/STM32G4xx_HAL_Driver/Src/stm32g4xx_hal_pwr_ex.o
                0x08001990                HAL_PWREx_DisableUCPDDeadBattery
 .text.HAL_RCC_OscConfig
                0x080019a0      0x418 ./Drivers/STM32G4xx_HAL_Driver/Src/stm32g4xx_hal_rcc.o
                0x080019a0                HAL_RCC_OscConfig
 .text.HAL_RCC_GetSysClockFreq
                0x08001db8       0x6c ./Drivers/STM32G4xx_HAL_Driver/Src/stm32g4xx_hal_rcc.o
                0x08001db8                HAL_RCC_GetSysClockFreq
 .text.HAL_RCC_ClockConfig
                0x08001e24      0x1e8 ./Drivers/STM32G4xx_HAL_Driver/Src/stm32g4xx_hal_rcc.o
                0x08001e24                HAL_RCC_ClockConfig
 .text.HAL_RCC_GetPCLK1Freq
                0x0800200c       0x24 ./Drivers/STM32G4xx_HAL_Driver/Src/stm32g4xx_hal_rcc.o
                0x0800200c                HAL_RCC_GetPCLK1Freq
 .text.HAL_RCC_GetPCLK2Freq
                0x08002030       0x24 ./Drivers/STM32G4xx_HAL_Driver/Src/stm32g4xx_hal_rcc.o
                0x08002030                HAL_RCC_GetPCLK2Freq
 .text.HAL_RCC_GetClockConfig
                0x08002054       0x3c ./Drivers/STM32G4xx_HAL_Driver/Src/stm32g4xx_hal_rcc.o
                0x08002054                HAL_RCC_GetClockConfig
 .text.HAL_RCCEx_PeriphCLKConfig
                0x08002090      0x2f0 ./Drivers/STM32G4xx_HAL_Driver/Src/stm32g4xx_hal_rcc_ex.o
                0x08002090                HAL_RCCEx_PeriphCLKConfig
 .text.HAL_TIM_Base_MspInit
                0x08002380        0x2 ./Drivers/STM32G4xx_HAL_Driver/Src/stm32g4xx_hal_tim.o
                0x08002380                HAL_TIM_Base_MspInit
 *fill*         0x08002382        0x2 
 .text.HAL_TIM_Base_Start_IT
                0x08002384       0x7c ./Drivers/STM32G4xx_HAL_Driver/Src/stm32g4xx_hal_tim.o
                0x08002384                HAL_TIM_Base_Start_IT
 .text.HAL_TIM_OC_DelayElapsedCallback
                0x08002400        0x2 ./Drivers/STM32G4xx_HAL_Driver/Src/stm32g4xx_hal_tim.o
                0x08002400                HAL_TIM_OC_DelayElapsedCallback
 .text.HAL_TIM_IC_CaptureCallback
                0x08002402        0x2 ./Drivers/STM32G4xx_HAL_Driver/Src/stm32g4xx_hal_tim.o
                0x08002402                HAL_TIM_IC_CaptureCallback
 .text.HAL_TIM_PWM_PulseFinishedCallback
                0x08002404        0x2 ./Drivers/STM32G4xx_HAL_Driver/Src/stm32g4xx_hal_tim.o
                0x08002404                HAL_TIM_PWM_PulseFinishedCallback
 .text.HAL_TIM_TriggerCallback
                0x08002406        0x2 ./Drivers/STM32G4xx_HAL_Driver/Src/stm32g4xx_hal_tim.o
                0x08002406                HAL_TIM_TriggerCallback
 .text.HAL_TIM_IRQHandler
                0x08002408      0x19e ./Drivers/STM32G4xx_HAL_Driver/Src/stm32g4xx_hal_tim.o
                0x08002408                HAL_TIM_IRQHandler
 *fill*         0x080025a6        0x2 
 .text.TIM_Base_SetConfig
                0x080025a8       0xf0 ./Drivers/STM32G4xx_HAL_Driver/Src/stm32g4xx_hal_tim.o
                0x080025a8                TIM_Base_SetConfig
 .text.HAL_TIM_Base_Init
                0x08002698       0x60 ./Drivers/STM32G4xx_HAL_Driver/Src/stm32g4xx_hal_tim.o
                0x08002698                HAL_TIM_Base_Init
 .text.HAL_TIMEx_CommutCallback
                0x080026f8        0x2 ./Drivers/STM32G4xx_HAL_Driver/Src/stm32g4xx_hal_tim_ex.o
                0x080026f8                HAL_TIMEx_CommutCallback
 .text.HAL_TIMEx_BreakCallback
                0x080026fa        0x2 ./Drivers/STM32G4xx_HAL_Driver/Src/stm32g4xx_hal_tim_ex.o
                0x080026fa                HAL_TIMEx_BreakCallback
 .text.HAL_TIMEx_Break2Callback
                0x080026fc        0x2 ./Drivers/STM32G4xx_HAL_Driver/Src/stm32g4xx_hal_tim_ex.o
                0x080026fc                HAL_TIMEx_Break2Callback
 .text.HAL_TIMEx_EncoderIndexCallback
                0x080026fe        0x2 ./Drivers/STM32G4xx_HAL_Driver/Src/stm32g4xx_hal_tim_ex.o
                0x080026fe                HAL_TIMEx_EncoderIndexCallback
 .text.HAL_TIMEx_DirectionChangeCallback
                0x08002700        0x2 ./Drivers/STM32G4xx_HAL_Driver/Src/stm32g4xx_hal_tim_ex.o
                0x08002700                HAL_TIMEx_DirectionChangeCallback
 .text.HAL_TIMEx_IndexErrorCallback
                0x08002702        0x2 ./Drivers/STM32G4xx_HAL_Driver/Src/stm32g4xx_hal_tim_ex.o
                0x08002702                HAL_TIMEx_IndexErrorCallback
 .text.HAL_TIMEx_TransitionErrorCallback
                0x08002704        0x2 ./Drivers/STM32G4xx_HAL_Driver/Src/stm32g4xx_hal_tim_ex.o
                0x08002704                HAL_TIMEx_TransitionErrorCallback
 *fill*         0x08002706        0x2 
 .text.UART_EndRxTransfer
                0x08002708       0x58 ./Drivers/STM32G4xx_HAL_Driver/Src/stm32g4xx_hal_uart.o
 .text.UART_TxISR_8BIT.part.0
                0x08002760       0x26 ./Drivers/STM32G4xx_HAL_Driver/Src/stm32g4xx_hal_uart.o
 .text.UART_TxISR_8BIT
                0x08002786       0x30 ./Drivers/STM32G4xx_HAL_Driver/Src/stm32g4xx_hal_uart.o
 .text.UART_TxISR_16BIT
                0x080027b6       0x34 ./Drivers/STM32G4xx_HAL_Driver/Src/stm32g4xx_hal_uart.o
 .text.UART_TxISR_8BIT_FIFOEN
                0x080027ea       0x66 ./Drivers/STM32G4xx_HAL_Driver/Src/stm32g4xx_hal_uart.o
 .text.UART_TxISR_16BIT_FIFOEN
                0x08002850       0x6a ./Drivers/STM32G4xx_HAL_Driver/Src/stm32g4xx_hal_uart.o
 *fill*         0x080028ba        0x2 
 .text.HAL_UART_Transmit_IT
                0x080028bc       0xac ./Drivers/STM32G4xx_HAL_Driver/Src/stm32g4xx_hal_uart.o
                0x080028bc                HAL_UART_Transmit_IT
 .text.HAL_UART_ErrorCallback
                0x08002968        0x2 ./Drivers/STM32G4xx_HAL_Driver/Src/stm32g4xx_hal_uart.o
                0x08002968                HAL_UART_ErrorCallback
 .text.UART_DMAAbortOnError
                0x0800296a       0x10 ./Drivers/STM32G4xx_HAL_Driver/Src/stm32g4xx_hal_uart.o
 .text.HAL_UARTEx_RxEventCallback
                0x0800297a        0x2 ./Drivers/STM32G4xx_HAL_Driver/Src/stm32g4xx_hal_uart.o
                0x0800297a                HAL_UARTEx_RxEventCallback
 .text.HAL_UART_IRQHandler
                0x0800297c      0x304 ./Drivers/STM32G4xx_HAL_Driver/Src/stm32g4xx_hal_uart.o
                0x0800297c                HAL_UART_IRQHandler
 .text.UART_RxISR_8BIT
                0x08002c80       0xcc ./Drivers/STM32G4xx_HAL_Driver/Src/stm32g4xx_hal_uart.o
 .text.UART_RxISR_16BIT
                0x08002d4c       0xc4 ./Drivers/STM32G4xx_HAL_Driver/Src/stm32g4xx_hal_uart.o
 .text.UART_RxISR_8BIT_FIFOEN
                0x08002e10      0x1a0 ./Drivers/STM32G4xx_HAL_Driver/Src/stm32g4xx_hal_uart.o
 .text.UART_RxISR_16BIT_FIFOEN
                0x08002fb0      0x198 ./Drivers/STM32G4xx_HAL_Driver/Src/stm32g4xx_hal_uart.o
 .text.UART_SetConfig
                0x08003148      0x280 ./Drivers/STM32G4xx_HAL_Driver/Src/stm32g4xx_hal_uart.o
                0x08003148                UART_SetConfig
 .text.UART_AdvFeatureConfig
                0x080033c8       0xa8 ./Drivers/STM32G4xx_HAL_Driver/Src/stm32g4xx_hal_uart.o
                0x080033c8                UART_AdvFeatureConfig
 .text.UART_WaitOnFlagUntilTimeout
                0x08003470       0x90 ./Drivers/STM32G4xx_HAL_Driver/Src/stm32g4xx_hal_uart.o
                0x08003470                UART_WaitOnFlagUntilTimeout
 .text.UART_CheckIdleState
                0x08003500       0xb6 ./Drivers/STM32G4xx_HAL_Driver/Src/stm32g4xx_hal_uart.o
                0x08003500                UART_CheckIdleState
 .text.HAL_UART_Init
                0x080035b6       0x60 ./Drivers/STM32G4xx_HAL_Driver/Src/stm32g4xx_hal_uart.o
                0x080035b6                HAL_UART_Init
 *fill*         0x08003616        0x2 
 .text.UART_Start_Receive_IT
                0x08003618      0x108 ./Drivers/STM32G4xx_HAL_Driver/Src/stm32g4xx_hal_uart.o
                0x08003618                UART_Start_Receive_IT
 .text.HAL_UART_Receive_IT
                0x08003720       0x44 ./Drivers/STM32G4xx_HAL_Driver/Src/stm32g4xx_hal_uart.o
                0x08003720                HAL_UART_Receive_IT
 .text.UARTEx_SetNbDataToProcess
                0x08003764       0x44 ./Drivers/STM32G4xx_HAL_Driver/Src/stm32g4xx_hal_uart_ex.o
 .text.HAL_UARTEx_WakeupCallback
                0x080037a8        0x2 ./Drivers/STM32G4xx_HAL_Driver/Src/stm32g4xx_hal_uart_ex.o
                0x080037a8                HAL_UARTEx_WakeupCallback
 .text.HAL_UARTEx_RxFifoFullCallback
                0x080037aa        0x2 ./Drivers/STM32G4xx_HAL_Driver/Src/stm32g4xx_hal_uart_ex.o
                0x080037aa                HAL_UARTEx_RxFifoFullCallback
 .text.HAL_UARTEx_TxFifoEmptyCallback
                0x080037ac        0x2 ./Drivers/STM32G4xx_HAL_Driver/Src/stm32g4xx_hal_uart_ex.o
                0x080037ac                HAL_UARTEx_TxFifoEmptyCallback
 .text.HAL_UARTEx_DisableFifoMode
                0x080037ae       0x36 ./Drivers/STM32G4xx_HAL_Driver/Src/stm32g4xx_hal_uart_ex.o
                0x080037ae                HAL_UARTEx_DisableFifoMode
 .text.HAL_UARTEx_SetTxFifoThreshold
                0x080037e4       0x40 ./Drivers/STM32G4xx_HAL_Driver/Src/stm32g4xx_hal_uart_ex.o
                0x080037e4                HAL_UARTEx_SetTxFifoThreshold
 .text.HAL_UARTEx_SetRxFifoThreshold
                0x08003824       0x40 ./Drivers/STM32G4xx_HAL_Driver/Src/stm32g4xx_hal_uart_ex.o
                0x08003824                HAL_UARTEx_SetRxFifoThreshold
 .text.SysTick_Handler
                0x08003864       0x1a ./Middlewares/Third_Party/FreeRTOS/Source/CMSIS_RTOS_V2/cmsis_os2.o
                0x08003864                SysTick_Handler
 *fill*         0x0800387e        0x2 
 .text.osKernelInitialize
                0x08003880       0x24 ./Middlewares/Third_Party/FreeRTOS/Source/CMSIS_RTOS_V2/cmsis_os2.o
                0x08003880                osKernelInitialize
 .text.osKernelStart
                0x080038a4       0x34 ./Middlewares/Third_Party/FreeRTOS/Source/CMSIS_RTOS_V2/cmsis_os2.o
                0x080038a4                osKernelStart
 .text.osThreadNew
                0x080038d8       0x8e ./Middlewares/Third_Party/FreeRTOS/Source/CMSIS_RTOS_V2/cmsis_os2.o
                0x080038d8                osThreadNew
 .text.osDelay  0x08003966       0x18 ./Middlewares/Third_Party/FreeRTOS/Source/CMSIS_RTOS_V2/cmsis_os2.o
                0x08003966                osDelay
 .text.osMutexNew
                0x0800397e       0x6a ./Middlewares/Third_Party/FreeRTOS/Source/CMSIS_RTOS_V2/cmsis_os2.o
                0x0800397e                osMutexNew
 .text.osMutexAcquire
                0x080039e8       0x46 ./Middlewares/Third_Party/FreeRTOS/Source/CMSIS_RTOS_V2/cmsis_os2.o
                0x080039e8                osMutexAcquire
 .text.osMutexRelease
                0x08003a2e       0x3e ./Middlewares/Third_Party/FreeRTOS/Source/CMSIS_RTOS_V2/cmsis_os2.o
                0x08003a2e                osMutexRelease
 .text.osSemaphoreNew
                0x08003a6c       0x94 ./Middlewares/Third_Party/FreeRTOS/Source/CMSIS_RTOS_V2/cmsis_os2.o
                0x08003a6c                osSemaphoreNew
 .text.osSemaphoreAcquire
                0x08003b00       0x58 ./Middlewares/Third_Party/FreeRTOS/Source/CMSIS_RTOS_V2/cmsis_os2.o
                0x08003b00                osSemaphoreAcquire
 .text.osSemaphoreRelease
                0x08003b58       0x52 ./Middlewares/Third_Party/FreeRTOS/Source/CMSIS_RTOS_V2/cmsis_os2.o
                0x08003b58                osSemaphoreRelease
 .text.osMessageQueueNew
                0x08003baa       0x76 ./Middlewares/Third_Party/FreeRTOS/Source/CMSIS_RTOS_V2/cmsis_os2.o
                0x08003baa                osMessageQueueNew
 .text.osMessageQueuePut
                0x08003c20       0x62 ./Middlewares/Third_Party/FreeRTOS/Source/CMSIS_RTOS_V2/cmsis_os2.o
                0x08003c20                osMessageQueuePut
 .text.osMessageQueueGet
                0x08003c82       0x60 ./Middlewares/Third_Party/FreeRTOS/Source/CMSIS_RTOS_V2/cmsis_os2.o
                0x08003c82                osMessageQueueGet
 *fill*         0x08003ce2        0x2 
 .text.vApplicationGetIdleTaskMemory
                0x08003ce4       0x18 ./Middlewares/Third_Party/FreeRTOS/Source/CMSIS_RTOS_V2/cmsis_os2.o
                0x08003ce4                vApplicationGetIdleTaskMemory
 .text.vApplicationGetTimerTaskMemory
                0x08003cfc       0x18 ./Middlewares/Third_Party/FreeRTOS/Source/CMSIS_RTOS_V2/cmsis_os2.o
                0x08003cfc                vApplicationGetTimerTaskMemory
 .text.vListInitialise
                0x08003d14       0x16 ./Middlewares/Third_Party/FreeRTOS/Source/list.o
                0x08003d14                vListInitialise
 .text.vListInitialiseItem
                0x08003d2a        0x6 ./Middlewares/Third_Party/FreeRTOS/Source/list.o
                0x08003d2a                vListInitialiseItem
 .text.vListInsertEnd
                0x08003d30       0x16 ./Middlewares/Third_Party/FreeRTOS/Source/list.o
                0x08003d30                vListInsertEnd
 .text.vListInsert
                0x08003d46       0x2e ./Middlewares/Third_Party/FreeRTOS/Source/list.o
                0x08003d46                vListInsert
 .text.uxListRemove
                0x08003d74       0x20 ./Middlewares/Third_Party/FreeRTOS/Source/list.o
                0x08003d74                uxListRemove
 .text.prvIsQueueEmpty
                0x08003d94       0x16 ./Middlewares/Third_Party/FreeRTOS/Source/queue.o
 .text.prvCopyDataToQueue
                0x08003daa       0x66 ./Middlewares/Third_Party/FreeRTOS/Source/queue.o
 .text.prvCopyDataFromQueue
                0x08003e10       0x2c ./Middlewares/Third_Party/FreeRTOS/Source/queue.o
 .text.prvUnlockQueue
                0x08003e3c       0x70 ./Middlewares/Third_Party/FreeRTOS/Source/queue.o
 .text.xQueueGenericReset
                0x08003eac       0x7e ./Middlewares/Third_Party/FreeRTOS/Source/queue.o
                0x08003eac                xQueueGenericReset
 .text.xQueueGenericCreateStatic
                0x08003f2a       0x9c ./Middlewares/Third_Party/FreeRTOS/Source/queue.o
                0x08003f2a                xQueueGenericCreateStatic
 .text.xQueueGenericCreate
                0x08003fc6       0x4e ./Middlewares/Third_Party/FreeRTOS/Source/queue.o
                0x08003fc6                xQueueGenericCreate
 .text.xQueueCreateCountingSemaphoreStatic
                0x08004014       0x44 ./Middlewares/Third_Party/FreeRTOS/Source/queue.o
                0x08004014                xQueueCreateCountingSemaphoreStatic
 .text.xQueueCreateCountingSemaphore
                0x08004058       0x3c ./Middlewares/Third_Party/FreeRTOS/Source/queue.o
                0x08004058                xQueueCreateCountingSemaphore
 .text.xQueueGenericSend
                0x08004094      0x164 ./Middlewares/Third_Party/FreeRTOS/Source/queue.o
                0x08004094                xQueueGenericSend
 .text.xQueueCreateMutexStatic
                0x080041f8       0x2a ./Middlewares/Third_Party/FreeRTOS/Source/queue.o
                0x080041f8                xQueueCreateMutexStatic
 .text.xQueueGiveMutexRecursive
                0x08004222       0x3e ./Middlewares/Third_Party/FreeRTOS/Source/queue.o
                0x08004222                xQueueGiveMutexRecursive
 .text.xQueueCreateMutex
                0x08004260       0x3a ./Middlewares/Third_Party/FreeRTOS/Source/queue.o
                0x08004260                xQueueCreateMutex
 .text.xQueueGenericSendFromISR
                0x0800429a       0xba ./Middlewares/Third_Party/FreeRTOS/Source/queue.o
                0x0800429a                xQueueGenericSendFromISR
 .text.xQueueGiveFromISR
                0x08004354       0xa2 ./Middlewares/Third_Party/FreeRTOS/Source/queue.o
                0x08004354                xQueueGiveFromISR
 .text.xQueueReceive
                0x080043f6      0x13c ./Middlewares/Third_Party/FreeRTOS/Source/queue.o
                0x080043f6                xQueueReceive
 .text.xQueueSemaphoreTake
                0x08004532      0x17a ./Middlewares/Third_Party/FreeRTOS/Source/queue.o
                0x08004532                xQueueSemaphoreTake
 .text.xQueueTakeMutexRecursive
                0x080046ac       0x42 ./Middlewares/Third_Party/FreeRTOS/Source/queue.o
                0x080046ac                xQueueTakeMutexRecursive
 .text.xQueueReceiveFromISR
                0x080046ee       0x9a ./Middlewares/Third_Party/FreeRTOS/Source/queue.o
                0x080046ee                xQueueReceiveFromISR
 .text.vQueueAddToRegistry
                0x08004788       0x24 ./Middlewares/Third_Party/FreeRTOS/Source/queue.o
                0x08004788                vQueueAddToRegistry
 .text.vQueueUnregisterQueue
                0x080047ac       0x30 ./Middlewares/Third_Party/FreeRTOS/Source/queue.o
                0x080047ac                vQueueUnregisterQueue
 .text.vQueueDelete
                0x080047dc       0x2a ./Middlewares/Third_Party/FreeRTOS/Source/queue.o
                0x080047dc                vQueueDelete
 .text.vQueueWaitForMessageRestricted
                0x08004806       0x46 ./Middlewares/Third_Party/FreeRTOS/Source/queue.o
                0x08004806                vQueueWaitForMessageRestricted
 .text.prvAddNewTaskToReadyList
                0x0800484c      0x100 ./Middlewares/Third_Party/FreeRTOS/Source/tasks.o
 .text.prvAddCurrentTaskToDelayedList
                0x0800494c       0x70 ./Middlewares/Third_Party/FreeRTOS/Source/tasks.o
 .text.prvResetNextTaskUnblockTime
                0x080049bc       0x24 ./Middlewares/Third_Party/FreeRTOS/Source/tasks.o
 .text.prvDeleteTCB
                0x080049e0       0x36 ./Middlewares/Third_Party/FreeRTOS/Source/tasks.o
 *fill*         0x08004a16        0x2 
 .text.prvIdleTask
                0x08004a18       0x60 ./Middlewares/Third_Party/FreeRTOS/Source/tasks.o
 .text.prvInitialiseNewTask.constprop.0
                0x08004a78       0x96 ./Middlewares/Third_Party/FreeRTOS/Source/tasks.o
 .text.xTaskCreateStatic
                0x08004b0e       0x70 ./Middlewares/Third_Party/FreeRTOS/Source/tasks.o
                0x08004b0e                xTaskCreateStatic
 .text.xTaskCreate
                0x08004b7e       0x5c ./Middlewares/Third_Party/FreeRTOS/Source/tasks.o
                0x08004b7e                xTaskCreate
 *fill*         0x08004bda        0x2 
 .text.vTaskStartScheduler
                0x08004bdc       0x8c ./Middlewares/Third_Party/FreeRTOS/Source/tasks.o
                0x08004bdc                vTaskStartScheduler
 .text.vTaskSuspendAll
                0x08004c68       0x10 ./Middlewares/Third_Party/FreeRTOS/Source/tasks.o
                0x08004c68                vTaskSuspendAll
 .text.xTaskGetTickCount
                0x08004c78        0xc ./Middlewares/Third_Party/FreeRTOS/Source/tasks.o
                0x08004c78                xTaskGetTickCount
 .text.xTaskIncrementTick
                0x08004c84      0x12c ./Middlewares/Third_Party/FreeRTOS/Source/tasks.o
                0x08004c84                xTaskIncrementTick
 .text.xTaskResumeAll
                0x08004db0       0xe8 ./Middlewares/Third_Party/FreeRTOS/Source/tasks.o
                0x08004db0                xTaskResumeAll
 .text.vTaskDelay
                0x08004e98       0x48 ./Middlewares/Third_Party/FreeRTOS/Source/tasks.o
                0x08004e98                vTaskDelay
 .text.vTaskSwitchContext
                0x08004ee0       0x74 ./Middlewares/Third_Party/FreeRTOS/Source/tasks.o
                0x08004ee0                vTaskSwitchContext
 .text.vTaskPlaceOnEventList
                0x08004f54       0x34 ./Middlewares/Third_Party/FreeRTOS/Source/tasks.o
                0x08004f54                vTaskPlaceOnEventList
 .text.vTaskPlaceOnEventListRestricted
                0x08004f88       0x3c ./Middlewares/Third_Party/FreeRTOS/Source/tasks.o
                0x08004f88                vTaskPlaceOnEventListRestricted
 .text.xTaskRemoveFromEventList
                0x08004fc4       0x80 ./Middlewares/Third_Party/FreeRTOS/Source/tasks.o
                0x08004fc4                xTaskRemoveFromEventList
 .text.vTaskInternalSetTimeOutState
                0x08005044       0x18 ./Middlewares/Third_Party/FreeRTOS/Source/tasks.o
                0x08005044                vTaskInternalSetTimeOutState
 .text.xTaskCheckForTimeOut
                0x0800505c       0x78 ./Middlewares/Third_Party/FreeRTOS/Source/tasks.o
                0x0800505c                xTaskCheckForTimeOut
 .text.vTaskMissedYield
                0x080050d4        0xc ./Middlewares/Third_Party/FreeRTOS/Source/tasks.o
                0x080050d4                vTaskMissedYield
 .text.xTaskGetCurrentTaskHandle
                0x080050e0        0xc ./Middlewares/Third_Party/FreeRTOS/Source/tasks.o
                0x080050e0                xTaskGetCurrentTaskHandle
 .text.xTaskGetSchedulerState
                0x080050ec       0x20 ./Middlewares/Third_Party/FreeRTOS/Source/tasks.o
                0x080050ec                xTaskGetSchedulerState
 .text.xTaskPriorityInherit
                0x0800510c       0x7c ./Middlewares/Third_Party/FreeRTOS/Source/tasks.o
                0x0800510c                xTaskPriorityInherit
 .text.xTaskPriorityDisinherit
                0x08005188       0x84 ./Middlewares/Third_Party/FreeRTOS/Source/tasks.o
                0x08005188                xTaskPriorityDisinherit
 .text.vTaskPriorityDisinheritAfterTimeout
                0x0800520c       0x9c ./Middlewares/Third_Party/FreeRTOS/Source/tasks.o
                0x0800520c                vTaskPriorityDisinheritAfterTimeout
 .text.pvTaskIncrementMutexHeldCount
                0x080052a8       0x18 ./Middlewares/Third_Party/FreeRTOS/Source/tasks.o
                0x080052a8                pvTaskIncrementMutexHeldCount
 .text.prvInsertTimerInActiveList
                0x080052c0       0x3c ./Middlewares/Third_Party/FreeRTOS/Source/timers.o
 .text.prvCheckForValidListAndQueue
                0x080052fc       0x68 ./Middlewares/Third_Party/FreeRTOS/Source/timers.o
 .text.xTimerCreateTimerTask
                0x08005364       0x64 ./Middlewares/Third_Party/FreeRTOS/Source/timers.o
                0x08005364                xTimerCreateTimerTask
 .text.xTimerGenericCommand
                0x080053c8       0x58 ./Middlewares/Third_Party/FreeRTOS/Source/timers.o
                0x080053c8                xTimerGenericCommand
 .text.prvSampleTimeNow
                0x08005420       0xa4 ./Middlewares/Third_Party/FreeRTOS/Source/timers.o
 .text.prvTimerTask
                0x080054c4      0x1cc ./Middlewares/Third_Party/FreeRTOS/Source/timers.o
 .text.prvPortStartFirstTask
                0x08005690       0x28 ./Middlewares/Third_Party/FreeRTOS/Source/portable/GCC/ARM_CM4F/port.o
 .text.vPortEnableVFP
                0x080056b8       0x14 ./Middlewares/Third_Party/FreeRTOS/Source/portable/GCC/ARM_CM4F/port.o
 .text.prvTaskExitError
                0x080056cc       0x40 ./Middlewares/Third_Party/FreeRTOS/Source/portable/GCC/ARM_CM4F/port.o
 .text.pxPortInitialiseStack
                0x0800570c       0x2c ./Middlewares/Third_Party/FreeRTOS/Source/portable/GCC/ARM_CM4F/port.o
                0x0800570c                pxPortInitialiseStack
 *fill*         0x08005738        0x8 
 .text.SVC_Handler
                0x08005740       0x24 ./Middlewares/Third_Party/FreeRTOS/Source/portable/GCC/ARM_CM4F/port.o
                0x08005740                SVC_Handler
 .text.vPortEnterCritical
                0x08005764       0x40 ./Middlewares/Third_Party/FreeRTOS/Source/portable/GCC/ARM_CM4F/port.o
                0x08005764                vPortEnterCritical
 .text.vPortExitCritical
                0x080057a4       0x28 ./Middlewares/Third_Party/FreeRTOS/Source/portable/GCC/ARM_CM4F/port.o
                0x080057a4                vPortExitCritical
 *fill*         0x080057cc        0x4 
 .text.PendSV_Handler
                0x080057d0       0x64 ./Middlewares/Third_Party/FreeRTOS/Source/portable/GCC/ARM_CM4F/port.o
                0x080057d0                PendSV_Handler
 .text.xPortSysTickHandler
                0x08005834       0x2c ./Middlewares/Third_Party/FreeRTOS/Source/portable/GCC/ARM_CM4F/port.o
                0x08005834                xPortSysTickHandler
 .text.vPortSetupTimerInterrupt
                0x08005860       0x24 ./Middlewares/Third_Party/FreeRTOS/Source/portable/GCC/ARM_CM4F/port.o
                0x08005860                vPortSetupTimerInterrupt
 .text.xPortStartScheduler
                0x08005884      0x104 ./Middlewares/Third_Party/FreeRTOS/Source/portable/GCC/ARM_CM4F/port.o
                0x08005884                xPortStartScheduler
 .text.vPortValidateInterruptPriority
                0x08005988       0x5c ./Middlewares/Third_Party/FreeRTOS/Source/portable/GCC/ARM_CM4F/port.o
                0x08005988                vPortValidateInterruptPriority
 .text.prvInsertBlockIntoFreeList
                0x080059e4       0x4c ./Middlewares/Third_Party/FreeRTOS/Source/portable/MemMang/heap_4.o
 .text.pvPortMalloc
                0x08005a30      0x130 ./Middlewares/Third_Party/FreeRTOS/Source/portable/MemMang/heap_4.o
                0x08005a30                pvPortMalloc
 .text.vPortFree
                0x08005b60       0x7c ./Middlewares/Third_Party/FreeRTOS/Source/portable/MemMang/heap_4.o
                0x08005b60                vPortFree
 .text._ZdlPvj  0x08005bdc        0x4 /home/knap-linux/st/stm32cubeide_1.17.0/plugins/com.st.stm32cube.ide.mcu.externaltools.gnu-tools-for-stm32.12.3.rel1.linux64_1.1.0.202410170702/tools/bin/../lib/gcc/arm-none-eabi/12.3.1/../../../../arm-none-eabi/lib/thumb/v7e-m+fp/hard/libstdc++_nano.a(del_ops.o)
                0x08005bdc                operator delete(void*, unsigned int)
 .text._Znwj    0x08005be0       0x22 /home/knap-linux/st/stm32cubeide_1.17.0/plugins/com.st.stm32cube.ide.mcu.externaltools.gnu-tools-for-stm32.12.3.rel1.linux64_1.1.0.202410170702/tools/bin/../lib/gcc/arm-none-eabi/12.3.1/../../../../arm-none-eabi/lib/thumb/v7e-m+fp/hard/libstdc++_nano.a(new_op.o)
                0x08005be0                operator new(unsigned int)
 .text.unlikely._ZSt17__throw_bad_allocv
                0x08005c02        0x6 /home/knap-linux/st/stm32cubeide_1.17.0/plugins/com.st.stm32cube.ide.mcu.externaltools.gnu-tools-for-stm32.12.3.rel1.linux64_1.1.0.202410170702/tools/bin/../lib/gcc/arm-none-eabi/12.3.1/../../../../arm-none-eabi/lib/thumb/v7e-m+fp/hard/libstdc++_nano.a(functexcept.o)
                0x08005c02                std::__throw_bad_alloc()
 .text.unlikely._ZSt19__throw_logic_errorPKc
                0x08005c08        0x6 /home/knap-linux/st/stm32cubeide_1.17.0/plugins/com.st.stm32cube.ide.mcu.externaltools.gnu-tools-for-stm32.12.3.rel1.linux64_1.1.0.202410170702/tools/bin/../lib/gcc/arm-none-eabi/12.3.1/../../../../arm-none-eabi/lib/thumb/v7e-m+fp/hard/libstdc++_nano.a(functexcept.o)
                0x08005c08                std::__throw_logic_error(char const*)
 .text.unlikely._ZSt20__throw_length_errorPKc
                0x08005c0e        0x6 /home/knap-linux/st/stm32cubeide_1.17.0/plugins/com.st.stm32cube.ide.mcu.externaltools.gnu-tools-for-stm32.12.3.rel1.linux64_1.1.0.202410170702/tools/bin/../lib/gcc/arm-none-eabi/12.3.1/../../../../arm-none-eabi/lib/thumb/v7e-m+fp/hard/libstdc++_nano.a(functexcept.o)
                0x08005c0e                std::__throw_length_error(char const*)
 .text.unlikely._ZSt25__throw_bad_function_callv
                0x08005c14        0x6 /home/knap-linux/st/stm32cubeide_1.17.0/plugins/com.st.stm32cube.ide.mcu.externaltools.gnu-tools-for-stm32.12.3.rel1.linux64_1.1.0.202410170702/tools/bin/../lib/gcc/arm-none-eabi/12.3.1/../../../../arm-none-eabi/lib/thumb/v7e-m+fp/hard/libstdc++_nano.a(functional.o)
                0x08005c14                std::__throw_bad_function_call()
 .text._ZNSt11char_traitsIcE4copyEPcPKcj.isra.0
                0x08005c1a        0x8 /home/knap-linux/st/stm32cubeide_1.17.0/plugins/com.st.stm32cube.ide.mcu.externaltools.gnu-tools-for-stm32.12.3.rel1.linux64_1.1.0.202410170702/tools/bin/../lib/gcc/arm-none-eabi/12.3.1/../../../../arm-none-eabi/lib/thumb/v7e-m+fp/hard/libstdc++_nano.a(string-inst.o)
 .text._ZNKSt7__cxx1112basic_stringIcSt11char_traitsIcESaIcEE11_M_is_localEv
                0x08005c22        0xc /home/knap-linux/st/stm32cubeide_1.17.0/plugins/com.st.stm32cube.ide.mcu.externaltools.gnu-tools-for-stm32.12.3.rel1.linux64_1.1.0.202410170702/tools/bin/../lib/gcc/arm-none-eabi/12.3.1/../../../../arm-none-eabi/lib/thumb/v7e-m+fp/hard/libstdc++_nano.a(string-inst.o)
                0x08005c22                std::__cxx11::basic_string<char, std::char_traits<char>, std::allocator<char> >::_M_is_local() const
 *fill*         0x08005c2e        0x2 
 .text._ZNSt7__cxx1112basic_stringIcSt11char_traitsIcESaIcEE9_M_createERjj
                0x08005c30       0x44 /home/knap-linux/st/stm32cubeide_1.17.0/plugins/com.st.stm32cube.ide.mcu.externaltools.gnu-tools-for-stm32.12.3.rel1.linux64_1.1.0.202410170702/tools/bin/../lib/gcc/arm-none-eabi/12.3.1/../../../../arm-none-eabi/lib/thumb/v7e-m+fp/hard/libstdc++_nano.a(string-inst.o)
                0x08005c30                std::__cxx11::basic_string<char, std::char_traits<char>, std::allocator<char> >::_M_create(unsigned int&, unsigned int)
 .text._ZNSt7__cxx1112basic_stringIcSt11char_traitsIcESaIcEE10_M_disposeEv
                0x08005c74       0x16 /home/knap-linux/st/stm32cubeide_1.17.0/plugins/com.st.stm32cube.ide.mcu.externaltools.gnu-tools-for-stm32.12.3.rel1.linux64_1.1.0.202410170702/tools/bin/../lib/gcc/arm-none-eabi/12.3.1/../../../../arm-none-eabi/lib/thumb/v7e-m+fp/hard/libstdc++_nano.a(string-inst.o)
                0x08005c74                std::__cxx11::basic_string<char, std::char_traits<char>, std::allocator<char> >::_M_dispose()
 .text._ZNSt7__cxx1112basic_stringIcSt11char_traitsIcESaIcEE7_S_copyEPcPKcj
                0x08005c8a       0x18 /home/knap-linux/st/stm32cubeide_1.17.0/plugins/com.st.stm32cube.ide.mcu.externaltools.gnu-tools-for-stm32.12.3.rel1.linux64_1.1.0.202410170702/tools/bin/../lib/gcc/arm-none-eabi/12.3.1/../../../../arm-none-eabi/lib/thumb/v7e-m+fp/hard/libstdc++_nano.a(string-inst.o)
                0x08005c8a                std::__cxx11::basic_string<char, std::char_traits<char>, std::allocator<char> >::_S_copy(char*, char const*, unsigned int)
 .text._ZNSt7__cxx1112basic_stringIcSt11char_traitsIcESaIcEE13_S_copy_charsEPcS5_S5_
                0x08005ca2        0xa /home/knap-linux/st/stm32cubeide_1.17.0/plugins/com.st.stm32cube.ide.mcu.externaltools.gnu-tools-for-stm32.12.3.rel1.linux64_1.1.0.202410170702/tools/bin/../lib/gcc/arm-none-eabi/12.3.1/../../../../arm-none-eabi/lib/thumb/v7e-m+fp/hard/libstdc++_nano.a(string-inst.o)
                0x08005ca2                std::__cxx11::basic_string<char, std::char_traits<char>, std::allocator<char> >::_S_copy_chars(char*, char*, char*)
 .text._ZNSt7__cxx1112basic_stringIcSt11char_traitsIcESaIcEE13_S_copy_charsEPcPKcS7_
                0x08005cac        0xa /home/knap-linux/st/stm32cubeide_1.17.0/plugins/com.st.stm32cube.ide.mcu.externaltools.gnu-tools-for-stm32.12.3.rel1.linux64_1.1.0.202410170702/tools/bin/../lib/gcc/arm-none-eabi/12.3.1/../../../../arm-none-eabi/lib/thumb/v7e-m+fp/hard/libstdc++_nano.a(string-inst.o)
                0x08005cac                std::__cxx11::basic_string<char, std::char_traits<char>, std::allocator<char> >::_S_copy_chars(char*, char const*, char const*)
 .text._ZNKSt7__cxx1112basic_stringIcSt11char_traitsIcESaIcEE8capacityEv
                0x08005cb6       0x12 /home/knap-linux/st/stm32cubeide_1.17.0/plugins/com.st.stm32cube.ide.mcu.externaltools.gnu-tools-for-stm32.12.3.rel1.linux64_1.1.0.202410170702/tools/bin/../lib/gcc/arm-none-eabi/12.3.1/../../../../arm-none-eabi/lib/thumb/v7e-m+fp/hard/libstdc++_nano.a(string-inst.o)
                0x08005cb6                std::__cxx11::basic_string<char, std::char_traits<char>, std::allocator<char> >::capacity() const
 .text._ZNSt7__cxx1112basic_stringIcSt11char_traitsIcESaIcEE9_M_mutateEjjPKcj
                0x08005cc8       0x70 /home/knap-linux/st/stm32cubeide_1.17.0/plugins/com.st.stm32cube.ide.mcu.externaltools.gnu-tools-for-stm32.12.3.rel1.linux64_1.1.0.202410170702/tools/bin/../lib/gcc/arm-none-eabi/12.3.1/../../../../arm-none-eabi/lib/thumb/v7e-m+fp/hard/libstdc++_nano.a(string-inst.o)
                0x08005cc8                std::__cxx11::basic_string<char, std::char_traits<char>, std::allocator<char> >::_M_mutate(unsigned int, unsigned int, char const*, unsigned int)
 .text._ZNSt7__cxx1112basic_stringIcSt11char_traitsIcESaIcEE9push_backEc
                0x08005d38       0x32 /home/knap-linux/st/stm32cubeide_1.17.0/plugins/com.st.stm32cube.ide.mcu.externaltools.gnu-tools-for-stm32.12.3.rel1.linux64_1.1.0.202410170702/tools/bin/../lib/gcc/arm-none-eabi/12.3.1/../../../../arm-none-eabi/lib/thumb/v7e-m+fp/hard/libstdc++_nano.a(string-inst.o)
                0x08005d38                std::__cxx11::basic_string<char, std::char_traits<char>, std::allocator<char> >::push_back(char)
 .text._ZdlPv   0x08005d6a        0x4 /home/knap-linux/st/stm32cubeide_1.17.0/plugins/com.st.stm32cube.ide.mcu.externaltools.gnu-tools-for-stm32.12.3.rel1.linux64_1.1.0.202410170702/tools/bin/../lib/gcc/arm-none-eabi/12.3.1/../../../../arm-none-eabi/lib/thumb/v7e-m+fp/hard/libstdc++_nano.a(del_op.o)
                0x08005d6a                operator delete(void*)
 *fill*         0x08005d6e        0x2 
 .text._ZSt15get_new_handlerv
                0x08005d70       0x10 /home/knap-linux/st/stm32cubeide_1.17.0/plugins/com.st.stm32cube.ide.mcu.externaltools.gnu-tools-for-stm32.12.3.rel1.linux64_1.1.0.202410170702/tools/bin/../lib/gcc/arm-none-eabi/12.3.1/../../../../arm-none-eabi/lib/thumb/v7e-m+fp/hard/libstdc++_nano.a(new_handler.o)
                0x08005d70                std::get_new_handler()
 .text.abort    0x08005d80        0xe /home/knap-linux/st/stm32cubeide_1.17.0/plugins/com.st.stm32cube.ide.mcu.externaltools.gnu-tools-for-stm32.12.3.rel1.linux64_1.1.0.202410170702/tools/bin/../lib/gcc/arm-none-eabi/12.3.1/../../../../arm-none-eabi/lib/thumb/v7e-m+fp/hard/libc_nano.a(libc_a-abort.o)
                0x08005d80                abort
 *fill*         0x08005d8e        0x2 
 .text.malloc   0x08005d90       0x10 /home/knap-linux/st/stm32cubeide_1.17.0/plugins/com.st.stm32cube.ide.mcu.externaltools.gnu-tools-for-stm32.12.3.rel1.linux64_1.1.0.202410170702/tools/bin/../lib/gcc/arm-none-eabi/12.3.1/../../../../arm-none-eabi/lib/thumb/v7e-m+fp/hard/libc_nano.a(libc_a-malloc.o)
                0x08005d90                malloc
 .text.free     0x08005da0       0x10 /home/knap-linux/st/stm32cubeide_1.17.0/plugins/com.st.stm32cube.ide.mcu.externaltools.gnu-tools-for-stm32.12.3.rel1.linux64_1.1.0.202410170702/tools/bin/../lib/gcc/arm-none-eabi/12.3.1/../../../../arm-none-eabi/lib/thumb/v7e-m+fp/hard/libc_nano.a(libc_a-malloc.o)
                0x08005da0                free
 .text.sbrk_aligned
                0x08005db0       0x44 /home/knap-linux/st/stm32cubeide_1.17.0/plugins/com.st.stm32cube.ide.mcu.externaltools.gnu-tools-for-stm32.12.3.rel1.linux64_1.1.0.202410170702/tools/bin/../lib/gcc/arm-none-eabi/12.3.1/../../../../arm-none-eabi/lib/thumb/v7e-m+fp/hard/libc_nano.a(libc_a-mallocr.o)
 .text._malloc_r
                0x08005df4      0x100 /home/knap-linux/st/stm32cubeide_1.17.0/plugins/com.st.stm32cube.ide.mcu.externaltools.gnu-tools-for-stm32.12.3.rel1.linux64_1.1.0.202410170702/tools/bin/../lib/gcc/arm-none-eabi/12.3.1/../../../../arm-none-eabi/lib/thumb/v7e-m+fp/hard/libc_nano.a(libc_a-mallocr.o)
                0x08005df4                _malloc_r
 .text.__malloc_lock
                0x08005ef4        0xc /home/knap-linux/st/stm32cubeide_1.17.0/plugins/com.st.stm32cube.ide.mcu.externaltools.gnu-tools-for-stm32.12.3.rel1.linux64_1.1.0.202410170702/tools/bin/../lib/gcc/arm-none-eabi/12.3.1/../../../../arm-none-eabi/lib/thumb/v7e-m+fp/hard/libc_nano.a(libc_a-mlock.o)
                0x08005ef4                __malloc_lock
 .text.__malloc_unlock
                0x08005f00        0xc /home/knap-linux/st/stm32cubeide_1.17.0/plugins/com.st.stm32cube.ide.mcu.externaltools.gnu-tools-for-stm32.12.3.rel1.linux64_1.1.0.202410170702/tools/bin/../lib/gcc/arm-none-eabi/12.3.1/../../../../arm-none-eabi/lib/thumb/v7e-m+fp/hard/libc_nano.a(libc_a-mlock.o)
                0x08005f00                __malloc_unlock
 .text.memset   0x08005f0c       0x10 /home/knap-linux/st/stm32cubeide_1.17.0/plugins/com.st.stm32cube.ide.mcu.externaltools.gnu-tools-for-stm32.12.3.rel1.linux64_1.1.0.202410170702/tools/bin/../lib/gcc/arm-none-eabi/12.3.1/../../../../arm-none-eabi/lib/thumb/v7e-m+fp/hard/libc_nano.a(libc_a-memset.o)
                0x08005f0c                memset
 .text.strncmp  0x08005f1c       0x24 /home/knap-linux/st/stm32cubeide_1.17.0/plugins/com.st.stm32cube.ide.mcu.externaltools.gnu-tools-for-stm32.12.3.rel1.linux64_1.1.0.202410170702/tools/bin/../lib/gcc/arm-none-eabi/12.3.1/../../../../arm-none-eabi/lib/thumb/v7e-m+fp/hard/libc_nano.a(libc_a-strncmp.o)
                0x08005f1c                strncmp
 .text._raise_r
                0x08005f40       0x50 /home/knap-linux/st/stm32cubeide_1.17.0/plugins/com.st.stm32cube.ide.mcu.externaltools.gnu-tools-for-stm32.12.3.rel1.linux64_1.1.0.202410170702/tools/bin/../lib/gcc/arm-none-eabi/12.3.1/../../../../arm-none-eabi/lib/thumb/v7e-m+fp/hard/libc_nano.a(libc_a-signal.o)
                0x08005f40                _raise_r
 .text.raise    0x08005f90       0x10 /home/knap-linux/st/stm32cubeide_1.17.0/plugins/com.st.stm32cube.ide.mcu.externaltools.gnu-tools-for-stm32.12.3.rel1.linux64_1.1.0.202410170702/tools/bin/../lib/gcc/arm-none-eabi/12.3.1/../../../../arm-none-eabi/lib/thumb/v7e-m+fp/hard/libc_nano.a(libc_a-signal.o)
                0x08005f90                raise
 .text._kill_r  0x08005fa0       0x24 /home/knap-linux/st/stm32cubeide_1.17.0/plugins/com.st.stm32cube.ide.mcu.externaltools.gnu-tools-for-stm32.12.3.rel1.linux64_1.1.0.202410170702/tools/bin/../lib/gcc/arm-none-eabi/12.3.1/../../../../arm-none-eabi/lib/thumb/v7e-m+fp/hard/libc_nano.a(libc_a-signalr.o)
                0x08005fa0                _kill_r
 .text._getpid_r
                0x08005fc4        0x4 /home/knap-linux/st/stm32cubeide_1.17.0/plugins/com.st.stm32cube.ide.mcu.externaltools.gnu-tools-for-stm32.12.3.rel1.linux64_1.1.0.202410170702/tools/bin/../lib/gcc/arm-none-eabi/12.3.1/../../../../arm-none-eabi/lib/thumb/v7e-m+fp/hard/libc_nano.a(libc_a-signalr.o)
                0x08005fc4                _getpid_r
 .text._sbrk_r  0x08005fc8       0x20 /home/knap-linux/st/stm32cubeide_1.17.0/plugins/com.st.stm32cube.ide.mcu.externaltools.gnu-tools-for-stm32.12.3.rel1.linux64_1.1.0.202410170702/tools/bin/../lib/gcc/arm-none-eabi/12.3.1/../../../../arm-none-eabi/lib/thumb/v7e-m+fp/hard/libc_nano.a(libc_a-sbrkr.o)
                0x08005fc8                _sbrk_r
 .text.__errno  0x08005fe8        0xc /home/knap-linux/st/stm32cubeide_1.17.0/plugins/com.st.stm32cube.ide.mcu.externaltools.gnu-tools-for-stm32.12.3.rel1.linux64_1.1.0.202410170702/tools/bin/../lib/gcc/arm-none-eabi/12.3.1/../../../../arm-none-eabi/lib/thumb/v7e-m+fp/hard/libc_nano.a(libc_a-errno.o)
                0x08005fe8                __errno
 .text.__libc_init_array
                0x08005ff4       0x48 /home/knap-linux/st/stm32cubeide_1.17.0/plugins/com.st.stm32cube.ide.mcu.externaltools.gnu-tools-for-stm32.12.3.rel1.linux64_1.1.0.202410170702/tools/bin/../lib/gcc/arm-none-eabi/12.3.1/../../../../arm-none-eabi/lib/thumb/v7e-m+fp/hard/libc_nano.a(libc_a-init.o)
                0x08005ff4                __libc_init_array
 .text.__retarget_lock_acquire_recursive
                0x0800603c        0x2 /home/knap-linux/st/stm32cubeide_1.17.0/plugins/com.st.stm32cube.ide.mcu.externaltools.gnu-tools-for-stm32.12.3.rel1.linux64_1.1.0.202410170702/tools/bin/../lib/gcc/arm-none-eabi/12.3.1/../../../../arm-none-eabi/lib/thumb/v7e-m+fp/hard/libc_nano.a(libc_a-lock.o)
                0x0800603c                __retarget_lock_acquire_recursive
 .text.__retarget_lock_release_recursive
                0x0800603e        0x2 /home/knap-linux/st/stm32cubeide_1.17.0/plugins/com.st.stm32cube.ide.mcu.externaltools.gnu-tools-for-stm32.12.3.rel1.linux64_1.1.0.202410170702/tools/bin/../lib/gcc/arm-none-eabi/12.3.1/../../../../arm-none-eabi/lib/thumb/v7e-m+fp/hard/libc_nano.a(libc_a-lock.o)
                0x0800603e                __retarget_lock_release_recursive
 .text.memcpy   0x08006040       0x1c /home/knap-linux/st/stm32cubeide_1.17.0/plugins/com.st.stm32cube.ide.mcu.externaltools.gnu-tools-for-stm32.12.3.rel1.linux64_1.1.0.202410170702/tools/bin/../lib/gcc/arm-none-eabi/12.3.1/../../../../arm-none-eabi/lib/thumb/v7e-m+fp/hard/libc_nano.a(libc_a-memcpy-stub.o)
                0x08006040                memcpy
 .text._free_r  0x0800605c       0x94 /home/knap-linux/st/stm32cubeide_1.17.0/plugins/com.st.stm32cube.ide.mcu.externaltools.gnu-tools-for-stm32.12.3.rel1.linux64_1.1.0.202410170702/tools/bin/../lib/gcc/arm-none-eabi/12.3.1/../../../../arm-none-eabi/lib/thumb/v7e-m+fp/hard/libc_nano.a(libc_a-freer.o)
                0x0800605c                _free_r
 *(.glue_7)
 .glue_7        0x080060f0        0x0 linker stubs
 *(.glue_7t)
 .glue_7t       0x080060f0        0x0 linker stubs
 *(.eh_frame)
 .eh_frame      0x080060f0        0x0 /home/knap-linux/st/stm32cubeide_1.17.0/plugins/com.st.stm32cube.ide.mcu.externaltools.gnu-tools-for-stm32.12.3.rel1.linux64_1.1.0.202410170702/tools/bin/../lib/gcc/arm-none-eabi/12.3.1/thumb/v7e-m+fp/hard/crtbegin.o
 *(.init)
 .init          0x080060f0        0x4 /home/knap-linux/st/stm32cubeide_1.17.0/plugins/com.st.stm32cube.ide.mcu.externaltools.gnu-tools-for-stm32.12.3.rel1.linux64_1.1.0.202410170702/tools/bin/../lib/gcc/arm-none-eabi/12.3.1/thumb/v7e-m+fp/hard/crti.o
                0x080060f0                _init
 .init          0x080060f4        0x8 /home/knap-linux/st/stm32cubeide_1.17.0/plugins/com.st.stm32cube.ide.mcu.externaltools.gnu-tools-for-stm32.12.3.rel1.linux64_1.1.0.202410170702/tools/bin/../lib/gcc/arm-none-eabi/12.3.1/thumb/v7e-m+fp/hard/crtn.o
 *(.fini)
 .fini          0x080060fc        0x4 /home/knap-linux/st/stm32cubeide_1.17.0/plugins/com.st.stm32cube.ide.mcu.externaltools.gnu-tools-for-stm32.12.3.rel1.linux64_1.1.0.202410170702/tools/bin/../lib/gcc/arm-none-eabi/12.3.1/thumb/v7e-m+fp/hard/crti.o
                0x080060fc                _fini
 .fini          0x08006100        0x8 /home/knap-linux/st/stm32cubeide_1.17.0/plugins/com.st.stm32cube.ide.mcu.externaltools.gnu-tools-for-stm32.12.3.rel1.linux64_1.1.0.202410170702/tools/bin/../lib/gcc/arm-none-eabi/12.3.1/thumb/v7e-m+fp/hard/crtn.o
                0x08006108                        . = ALIGN (0x4)
                0x08006108                        _etext = .

.vfp11_veneer   0x08006108        0x0
 .vfp11_veneer  0x08006108        0x0 linker stubs

.v4_bx          0x08006108        0x0
 .v4_bx         0x08006108        0x0 linker stubs

.iplt           0x08006108        0x0
 .iplt          0x08006108        0x0 /home/knap-linux/st/stm32cubeide_1.17.0/plugins/com.st.stm32cube.ide.mcu.externaltools.gnu-tools-for-stm32.12.3.rel1.linux64_1.1.0.202410170702/tools/bin/../lib/gcc/arm-none-eabi/12.3.1/thumb/v7e-m+fp/hard/crtbegin.o

.rodata         0x08006108      0x280
                0x08006108                        . = ALIGN (0x4)
 *(.rodata)
 *(.rodata*)
 .rodata._ZNSt7__cxx1112basic_stringIcSt11char_traitsIcESaIcEEC2EPKcRKS3_.isra.0.str1.1
                0x08006108       0x32 ./Core/Src/console.o
 .rodata._ZN7Console3runEv.str1.1
                0x0800613a       0x16 ./Core/Src/console.o
 .rodata._ZN7Console5clearEv.str1.1
                0x08006150       0x16 ./Core/Src/console.o
                                  0x3 (size before relaxing)
 .rodata._ZN7Console9setCursorEmm.str1.1
                0x08006150       0x16 ./Core/Src/console.o
                                  0x4 (size before relaxing)
 .rodata._ZN7Console15printRegisteredEv.str1.1
                0x08006150       0x17 ./Core/Src/console.o
 .rodata._ZN7Console12verticalLineEv.str1.1
                0x08006167        0x2 ./Core/Src/console.o
 .rodata._ZN7Console6splashEv.str1.1
                0x08006169       0x13 ./Core/Src/console.o
 .rodata._ZTV7Console
                0x0800617c       0x10 ./Core/Src/console.o
                0x0800617c                vtable for Console
 .rodata._ZNSt7__cxx1112basic_stringIcSt11char_traitsIcESaIcEEC2EPKcRKS3_.isra.0.str1.1
                0x0800618c       0x32 ./Core/Src/main.o
 .rodata._Z11testPartialRKNSt7__cxx1112basic_stringIcSt11char_traitsIcESaIcEEE.str1.1
                0x0800618c       0x10 ./Core/Src/main.o
 .rodata._Z9printHelpRKNSt7__cxx1112basic_stringIcSt11char_traitsIcESaIcEEE.str1.1
                0x0800619c       0x1d ./Core/Src/main.o
 .rodata._Z8testFuncRKNSt7__cxx1112basic_stringIcSt11char_traitsIcESaIcEEE.str1.1
                0x080061b9        0xd ./Core/Src/main.o
 .rodata._ZNSt17_Function_handlerIFvRKNSt7__cxx1112basic_stringIcSt11char_traitsIcESaIcEEEEZ10startTask1PvEUlS7_E_E9_M_invokeERKSt9_Any_dataS7_.str1.1
                0x080061c6       0x20 ./Core/Src/main.o
 .rodata._Z10startTask1Pv.str1.1
                0x080061e6       0x23 ./Core/Src/main.o
 .rodata.str1.1
                0x08006209       0x3a ./Core/Src/main.o
 *fill*         0x08006243        0x1 
 .rodata._ZL24semaphoreUart_attributes
                0x08006244       0x10 ./Core/Src/main.o
 .rodata._ZL20mutexUart_attributes
                0x08006254       0x10 ./Core/Src/main.o
 .rodata._ZL20queueUart_attributes
                0x08006264       0x18 ./Core/Src/main.o
 .rodata._ZL16task4_attributes
                0x0800627c       0x24 ./Core/Src/main.o
 .rodata._ZL16task3_attributes
                0x080062a0       0x24 ./Core/Src/main.o
 .rodata._ZL16task2_attributes
                0x080062c4       0x24 ./Core/Src/main.o
 .rodata._ZL16task1_attributes
                0x080062e8       0x24 ./Core/Src/main.o
 .rodata.APBPrescTable
                0x0800630c        0x8 ./Core/Src/system_stm32g4xx.o
                0x0800630c                APBPrescTable
 .rodata.AHBPrescTable
                0x08006314       0x10 ./Core/Src/system_stm32g4xx.o
                0x08006314                AHBPrescTable
 .rodata._ZNSt7__cxx1112basic_stringIcSt11char_traitsIcESaIcEEC2EPKcRKS3_.isra.0.str1.1
                0x08006324       0x32 ./Core/Src/uart_controller.o
 .rodata._ZN14UartController7receiveB5cxx11Ev.str1.1
                0x08006324       0x3a ./Core/Src/uart_controller.o
                                  0x3 (size before relaxing)
 .rodata._ZTV14UartController
                0x08006324       0x10 ./Core/Src/uart_controller.o
                0x08006324                vtable for UartController
 .rodata.UARTPrescTable
                0x08006334       0x18 ./Drivers/STM32G4xx_HAL_Driver/Src/stm32g4xx_hal_uart.o
                0x08006334                UARTPrescTable
 .rodata.denominator.0
                0x0800634c        0x8 ./Drivers/STM32G4xx_HAL_Driver/Src/stm32g4xx_hal_uart_ex.o
 .rodata.numerator.1
                0x08006354        0x8 ./Drivers/STM32G4xx_HAL_Driver/Src/stm32g4xx_hal_uart_ex.o
 .rodata.vTaskStartScheduler.str1.1
                0x0800635c        0x5 ./Middlewares/Third_Party/FreeRTOS/Source/tasks.o
 .rodata.prvCheckForValidListAndQueue.str1.1
                0x08006361        0x5 ./Middlewares/Third_Party/FreeRTOS/Source/timers.o
 .rodata.xTimerCreateTimerTask.str1.1
                0x08006366        0x8 ./Middlewares/Third_Party/FreeRTOS/Source/timers.o
 .rodata._ZNSt7__cxx1112basic_stringIcSt11char_traitsIcESaIcEE9_M_createERjj.str1.1
                0x0800636e       0x18 /home/knap-linux/st/stm32cubeide_1.17.0/plugins/com.st.stm32cube.ide.mcu.externaltools.gnu-tools-for-stm32.12.3.rel1.linux64_1.1.0.202410170702/tools/bin/../lib/gcc/arm-none-eabi/12.3.1/../../../../arm-none-eabi/lib/thumb/v7e-m+fp/hard/libstdc++_nano.a(string-inst.o)
                0x08006388                        . = ALIGN (0x4)
 *fill*         0x08006386        0x2 

.ARM.extab      0x08006388        0x0
                0x08006388                        . = ALIGN (0x4)
 *(.ARM.extab* .gnu.linkonce.armextab.*)
                0x08006388                        . = ALIGN (0x4)

.ARM            0x08006388        0x8
                0x08006388                        . = ALIGN (0x4)
                0x08006388                        __exidx_start = .
 *(.ARM.exidx*)
 .ARM.exidx     0x08006388        0x8 /home/knap-linux/st/stm32cubeide_1.17.0/plugins/com.st.stm32cube.ide.mcu.externaltools.gnu-tools-for-stm32.12.3.rel1.linux64_1.1.0.202410170702/tools/bin/../lib/gcc/arm-none-eabi/12.3.1/../../../../arm-none-eabi/lib/thumb/v7e-m+fp/hard/libc_nano.a(libc_a-strcmp.o)
 .ARM.exidx     0x08006390        0x0 /home/knap-linux/st/stm32cubeide_1.17.0/plugins/com.st.stm32cube.ide.mcu.externaltools.gnu-tools-for-stm32.12.3.rel1.linux64_1.1.0.202410170702/tools/bin/../lib/gcc/arm-none-eabi/12.3.1/../../../../arm-none-eabi/lib/thumb/v7e-m+fp/hard/libc_nano.a(libc_a-strlen.o)
                                  0x8 (size before relaxing)
 .ARM.exidx     0x08006390        0x0 /home/knap-linux/st/stm32cubeide_1.17.0/plugins/com.st.stm32cube.ide.mcu.externaltools.gnu-tools-for-stm32.12.3.rel1.linux64_1.1.0.202410170702/tools/bin/../lib/gcc/arm-none-eabi/12.3.1/thumb/v7e-m+fp/hard/libgcc.a(_udivmoddi4.o)
                                  0x8 (size before relaxing)
                0x08006390                        __exidx_end = .
                0x08006390                        . = ALIGN (0x4)

.preinit_array  0x08006390        0x0
                0x08006390                        . = ALIGN (0x4)
                0x08006390                        PROVIDE (__preinit_array_start = .)
 *(.preinit_array*)
                0x08006390                        PROVIDE (__preinit_array_end = .)
                0x08006390                        . = ALIGN (0x4)

.init_array     0x08006390        0x8
                0x08006390                        . = ALIGN (0x4)
                0x08006390                        PROVIDE (__init_array_start = .)
 *(SORT_BY_NAME(.init_array.*))
 *(.init_array*)
 .init_array    0x08006390        0x4 /home/knap-linux/st/stm32cubeide_1.17.0/plugins/com.st.stm32cube.ide.mcu.externaltools.gnu-tools-for-stm32.12.3.rel1.linux64_1.1.0.202410170702/tools/bin/../lib/gcc/arm-none-eabi/12.3.1/thumb/v7e-m+fp/hard/crtbegin.o
 .init_array    0x08006394        0x4 ./Core/Src/main.o
                0x08006398                        PROVIDE (__init_array_end = .)
                0x08006398                        . = ALIGN (0x4)

.fini_array     0x08006398        0x8
                0x08006398                        . = ALIGN (0x4)
                [!provide]                        PROVIDE (__fini_array_start = .)
 *(SORT_BY_NAME(.fini_array.*))
 *(.fini_array*)
 .fini_array    0x08006398        0x4 /home/knap-linux/st/stm32cubeide_1.17.0/plugins/com.st.stm32cube.ide.mcu.externaltools.gnu-tools-for-stm32.12.3.rel1.linux64_1.1.0.202410170702/tools/bin/../lib/gcc/arm-none-eabi/12.3.1/thumb/v7e-m+fp/hard/crtbegin.o
 .fini_array    0x0800639c        0x4 ./Core/Src/main.o
                [!provide]                        PROVIDE (__fini_array_end = .)
                0x080063a0                        . = ALIGN (0x4)
                0x080063a0                        _sidata = LOADADDR (.data)

.rel.dyn        0x080063a0        0x0
 .rel.iplt      0x080063a0        0x0 /home/knap-linux/st/stm32cubeide_1.17.0/plugins/com.st.stm32cube.ide.mcu.externaltools.gnu-tools-for-stm32.12.3.rel1.linux64_1.1.0.202410170702/tools/bin/../lib/gcc/arm-none-eabi/12.3.1/thumb/v7e-m+fp/hard/crtbegin.o

.data           0x20000000       0x60 load address 0x080063a0
                0x20000000                        . = ALIGN (0x4)
                0x20000000                        _sdata = .
 *(.data)
 *(.data*)
 .data.SystemCoreClock
                0x20000000        0x4 ./Core/Src/system_stm32g4xx.o
                0x20000000                SystemCoreClock
 .data.uwTickFreq
                0x20000004        0x4 ./Drivers/STM32G4xx_HAL_Driver/Src/stm32g4xx_hal.o
                0x20000004                uwTickFreq
 .data.uwTickPrio
                0x20000008        0x4 ./Drivers/STM32G4xx_HAL_Driver/Src/stm32g4xx_hal.o
                0x20000008                uwTickPrio
 .data.uxCriticalNesting
                0x2000000c        0x4 ./Middlewares/Third_Party/FreeRTOS/Source/portable/GCC/ARM_CM4F/port.o
 .data._impure_ptr
                0x20000010        0x4 /home/knap-linux/st/stm32cubeide_1.17.0/plugins/com.st.stm32cube.ide.mcu.externaltools.gnu-tools-for-stm32.12.3.rel1.linux64_1.1.0.202410170702/tools/bin/../lib/gcc/arm-none-eabi/12.3.1/../../../../arm-none-eabi/lib/thumb/v7e-m+fp/hard/libc_nano.a(libc_a-impure.o)
                0x20000010                _impure_ptr
 .data._impure_data
                0x20000014       0x4c /home/knap-linux/st/stm32cubeide_1.17.0/plugins/com.st.stm32cube.ide.mcu.externaltools.gnu-tools-for-stm32.12.3.rel1.linux64_1.1.0.202410170702/tools/bin/../lib/gcc/arm-none-eabi/12.3.1/../../../../arm-none-eabi/lib/thumb/v7e-m+fp/hard/libc_nano.a(libc_a-impure.o)
                0x20000014                _impure_data
 *(.RamFunc)
 *(.RamFunc*)
                0x20000060                        . = ALIGN (0x4)
                0x20000060                        _edata = .

.igot.plt       0x20000060        0x0 load address 0x08006400
 .igot.plt      0x20000060        0x0 /home/knap-linux/st/stm32cubeide_1.17.0/plugins/com.st.stm32cube.ide.mcu.externaltools.gnu-tools-for-stm32.12.3.rel1.linux64_1.1.0.202410170702/tools/bin/../lib/gcc/arm-none-eabi/12.3.1/thumb/v7e-m+fp/hard/crtbegin.o
                0x20000060                        . = ALIGN (0x4)

.bss            0x20000060     0x36fc load address 0x08006400
                0x20000060                        _sbss = .
                0x20000060                        __bss_start__ = _sbss
 *(.bss)
 .bss           0x20000060       0x1c /home/knap-linux/st/stm32cubeide_1.17.0/plugins/com.st.stm32cube.ide.mcu.externaltools.gnu-tools-for-stm32.12.3.rel1.linux64_1.1.0.202410170702/tools/bin/../lib/gcc/arm-none-eabi/12.3.1/thumb/v7e-m+fp/hard/crtbegin.o
 *(.bss*)
 .bss.uart      0x2000007c       0x1c ./Core/Src/main.o
                0x2000007c                uart
 .bss.semaphoreUartHandle
                0x20000098        0x4 ./Core/Src/main.o
                0x20000098                semaphoreUartHandle
 .bss.mutexUartHandle
                0x2000009c        0x4 ./Core/Src/main.o
                0x2000009c                mutexUartHandle
 .bss.queueUartHandle
                0x200000a0        0x4 ./Core/Src/main.o
                0x200000a0                queueUartHandle
 .bss.task4Handle
                0x200000a4        0x4 ./Core/Src/main.o
                0x200000a4                task4Handle
 .bss.task3Handle
                0x200000a8        0x4 ./Core/Src/main.o
                0x200000a8                task3Handle
 .bss.task2Handle
                0x200000ac        0x4 ./Core/Src/main.o
                0x200000ac                task2Handle
 .bss.task1Handle
                0x200000b0        0x4 ./Core/Src/main.o
                0x200000b0                task1Handle
 .bss.huart2    0x200000b4       0x94 ./Core/Src/main.o
                0x200000b4                huart2
 .bss.htim6     0x20000148       0x4c ./Core/Src/stm32g4xx_hal_timebase_tim.o
                0x20000148                htim6
 .bss.__sbrk_heap_end
                0x20000194        0x4 ./Core/Src/sysmem.o
 .bss.uwTick    0x20000198        0x4 ./Drivers/STM32G4xx_HAL_Driver/Src/stm32g4xx_hal.o
                0x20000198                uwTick
 .bss.Timer_Stack.0
                0x2000019c      0x400 ./Middlewares/Third_Party/FreeRTOS/Source/CMSIS_RTOS_V2/cmsis_os2.o
 .bss.Timer_TCB.1
                0x2000059c       0x5c ./Middlewares/Third_Party/FreeRTOS/Source/CMSIS_RTOS_V2/cmsis_os2.o
 .bss.Idle_Stack.2
                0x200005f8      0x200 ./Middlewares/Third_Party/FreeRTOS/Source/CMSIS_RTOS_V2/cmsis_os2.o
 .bss.Idle_TCB.3
                0x200007f8       0x5c ./Middlewares/Third_Party/FreeRTOS/Source/CMSIS_RTOS_V2/cmsis_os2.o
 .bss.KernelState
                0x20000854        0x4 ./Middlewares/Third_Party/FreeRTOS/Source/CMSIS_RTOS_V2/cmsis_os2.o
 .bss.xQueueRegistry
                0x20000858       0x40 ./Middlewares/Third_Party/FreeRTOS/Source/queue.o
                0x20000858                xQueueRegistry
 .bss.uxSchedulerSuspended
                0x20000898        0x4 ./Middlewares/Third_Party/FreeRTOS/Source/tasks.o
 .bss.xNextTaskUnblockTime
                0x2000089c        0x4 ./Middlewares/Third_Party/FreeRTOS/Source/tasks.o
 .bss.uxTaskNumber
                0x200008a0        0x4 ./Middlewares/Third_Party/FreeRTOS/Source/tasks.o
 .bss.xNumOfOverflows
                0x200008a4        0x4 ./Middlewares/Third_Party/FreeRTOS/Source/tasks.o
 .bss.xYieldPending
                0x200008a8        0x4 ./Middlewares/Third_Party/FreeRTOS/Source/tasks.o
 .bss.xPendedTicks
                0x200008ac        0x4 ./Middlewares/Third_Party/FreeRTOS/Source/tasks.o
 .bss.xSchedulerRunning
                0x200008b0        0x4 ./Middlewares/Third_Party/FreeRTOS/Source/tasks.o
 .bss.uxTopReadyPriority
                0x200008b4        0x4 ./Middlewares/Third_Party/FreeRTOS/Source/tasks.o
 .bss.xTickCount
                0x200008b8        0x4 ./Middlewares/Third_Party/FreeRTOS/Source/tasks.o
 .bss.uxCurrentNumberOfTasks
                0x200008bc        0x4 ./Middlewares/Third_Party/FreeRTOS/Source/tasks.o
 .bss.xSuspendedTaskList
                0x200008c0       0x14 ./Middlewares/Third_Party/FreeRTOS/Source/tasks.o
 .bss.uxDeletedTasksWaitingCleanUp
                0x200008d4        0x4 ./Middlewares/Third_Party/FreeRTOS/Source/tasks.o
 .bss.xTasksWaitingTermination
                0x200008d8       0x14 ./Middlewares/Third_Party/FreeRTOS/Source/tasks.o
 .bss.xPendingReadyList
                0x200008ec       0x14 ./Middlewares/Third_Party/FreeRTOS/Source/tasks.o
 .bss.pxOverflowDelayedTaskList
                0x20000900        0x4 ./Middlewares/Third_Party/FreeRTOS/Source/tasks.o
 .bss.pxDelayedTaskList
                0x20000904        0x4 ./Middlewares/Third_Party/FreeRTOS/Source/tasks.o
 .bss.xDelayedTaskList2
                0x20000908       0x14 ./Middlewares/Third_Party/FreeRTOS/Source/tasks.o
 .bss.xDelayedTaskList1
                0x2000091c       0x14 ./Middlewares/Third_Party/FreeRTOS/Source/tasks.o
 .bss.pxReadyTasksLists
                0x20000930      0x460 ./Middlewares/Third_Party/FreeRTOS/Source/tasks.o
 .bss.pxCurrentTCB
                0x20000d90        0x4 ./Middlewares/Third_Party/FreeRTOS/Source/tasks.o
                0x20000d90                pxCurrentTCB
 .bss.xStaticTimerQueue.0
                0x20000d94       0x50 ./Middlewares/Third_Party/FreeRTOS/Source/timers.o
 .bss.ucStaticTimerQueueStorage.1
                0x20000de4       0xa0 ./Middlewares/Third_Party/FreeRTOS/Source/timers.o
 .bss.xLastTime.2
                0x20000e84        0x4 ./Middlewares/Third_Party/FreeRTOS/Source/timers.o
 .bss.xTimerTaskHandle
                0x20000e88        0x4 ./Middlewares/Third_Party/FreeRTOS/Source/timers.o
 .bss.xTimerQueue
                0x20000e8c        0x4 ./Middlewares/Third_Party/FreeRTOS/Source/timers.o
 .bss.pxOverflowTimerList
                0x20000e90        0x4 ./Middlewares/Third_Party/FreeRTOS/Source/timers.o
 .bss.pxCurrentTimerList
                0x20000e94        0x4 ./Middlewares/Third_Party/FreeRTOS/Source/timers.o
 .bss.xActiveTimerList2
                0x20000e98       0x14 ./Middlewares/Third_Party/FreeRTOS/Source/timers.o
 .bss.xActiveTimerList1
                0x20000eac       0x14 ./Middlewares/Third_Party/FreeRTOS/Source/timers.o
 .bss.ulMaxPRIGROUPValue
                0x20000ec0        0x4 ./Middlewares/Third_Party/FreeRTOS/Source/portable/GCC/ARM_CM4F/port.o
 .bss.ucMaxSysCallPriority
                0x20000ec4        0x1 ./Middlewares/Third_Party/FreeRTOS/Source/portable/GCC/ARM_CM4F/port.o
 *fill*         0x20000ec5        0x3 
 .bss.xBlockAllocatedBit
                0x20000ec8        0x4 ./Middlewares/Third_Party/FreeRTOS/Source/portable/MemMang/heap_4.o
 .bss.xNumberOfSuccessfulFrees
                0x20000ecc        0x4 ./Middlewares/Third_Party/FreeRTOS/Source/portable/MemMang/heap_4.o
 .bss.xNumberOfSuccessfulAllocations